<!doctype html public "-//w3c//dtd html 4.0 transitional//en">
<html><head>
<title>Static Call Graph - [.\Objects\ObjectDetection_FreeRTOS_yoloxn.axf]</title></head>
<body><HR>
<H1>Static Call Graph for image .\Objects\ObjectDetection_FreeRTOS_yoloxn.axf</H1><HR>
<BR><P>#&#060CALLGRAPH&#062# ARM Linker, 6220000: Last Updated: Fri Jul  5 11:20:56 2024
<BR><P>
<H3>Maximum Stack Usage =       1168 bytes + Unknown(Cycles, Untraceable Function Pointers)</H3><H3>
Call chain for Maximum Stack Depth:</H3>
main_task(void*) &rArr; arm::app::Model::Init(unsigned char*, unsigned int, unsigned char const*, unsigned int, tflite::MicroAllocator*) &rArr; tflite::MicroInterpreter::AllocateTensors() &rArr; tflite::MicroInterpreter::PrepareNodeAndRegistrationDataFromFlatbuffer() &rArr; tflite::GetRegistrationFromOpCode(tflite::OperatorCode const*, tflite::MicroOpResolver const&, TFLMRegistration const**) &rArr; MicroPrintf(char const*, ...) &rArr; (anonymous namespace)::VDebugLog(char const*, ...) &rArr; DebugLog &rArr; vsnprintf &rArr; _printf_char_common &rArr; __printf
<P>
<H3>
Mutually Recursive functions
</H3> <LI><a href="#[7c]">ACMP01_IRQHandler</a>&nbsp;&nbsp;&nbsp;&rArr;&nbsp;&nbsp;&nbsp;<a href="#[7c]">ACMP01_IRQHandler</a><BR>
 <LI><a href="#[23a]">std::__2::__forward_list_node&lang;arm::app::image::Detection, void*&rang;* std::__2::forward_list&lang;arm::app::image::Detection, std::__2::allocator&lang;arm::app::image::Detection&rang;&rang;::__sort&lang;arm::app::image::CalculateNMS(std::__2::forward_list&lang;arm::app::image::Detection, std::__2::allocator&lang;arm::app::image::Detection&rang;&rang;&, int, float)::$_0&rang;(std::__2::__forward_list_node&lang;arm::app::image::Detection, void*&rang;*, int, arm::app::image::CalculateNMS(std::__2::forward_list&lang;arm::app::image::Detection, std::__2::allocator&lang;arm::app::image::Detection&rang;&rang;&, int, float)::$_0&)</a>&nbsp;&nbsp;&nbsp;&rArr;&nbsp;&nbsp;&nbsp;<a href="#[23a]">std::__2::__forward_list_node&lang;arm::app::image::Detection, void*&rang;* std::__2::forward_list&lang;arm::app::image::Detection, std::__2::allocator&lang;arm::app::image::Detection&rang;&rang;::__sort&lang;arm::app::image::CalculateNMS(std::__2::forward_list&lang;arm::app::image::Detection, std::__2::allocator&lang;arm::app::image::Detection&rang;&rang;&, int, float)::$_0&rang;(std::__2::__forward_list_node&lang;arm::app::image::Detection, void*&rang;*, int, arm::app::image::CalculateNMS(std::__2::forward_list&lang;arm::app::image::Detection, std::__2::allocator&lang;arm::app::image::Detection&rang;&rang;&, int, float)::$_0&)</a><BR>
 <LI><a href="#[225]">std::__2::__forward_list_node&lang;arm::app::image::Detection, void*&rang;* std::__2::forward_list&lang;arm::app::image::Detection, std::__2::allocator&lang;arm::app::image::Detection&rang;&rang;::__sort&lang;arm::app::object_detection::DetectorPostprocessing::GetNetworkBoxes(arm::app::object_detection::Network&, int, int, float, std::__2::forward_list&lang;arm::app::image::Detection, std::__2::allocator&lang;arm::app::image::Detection&rang;&rang;&)::$_0&rang;(std::__2::__forward_list_node&lang;arm::app::image::Detection, void*&rang;*, int, arm::app::object_detection::DetectorPostprocessing::GetNetworkBoxes(arm::app::object_detection::Network&, int, int, float, std::__2::forward_list&lang;arm::app::image::Detection, std::__2::allocator&lang;arm::app::image::Detection&rang;&rang;&)::$_0&)</a>&nbsp;&nbsp;&nbsp;&rArr;&nbsp;&nbsp;&nbsp;<a href="#[225]">std::__2::__forward_list_node&lang;arm::app::image::Detection, void*&rang;* std::__2::forward_list&lang;arm::app::image::Detection, std::__2::allocator&lang;arm::app::image::Detection&rang;&rang;::__sort&lang;arm::app::object_detection::DetectorPostprocessing::GetNetworkBoxes(arm::app::object_detection::Network&, int, int, float, std::__2::forward_list&lang;arm::app::image::Detection, std::__2::allocator&lang;arm::app::image::Detection&rang;&rang;&)::$_0&rang;(std::__2::__forward_list_node&lang;arm::app::image::Detection, void*&rang;*, int, arm::app::object_detection::DetectorPostprocessing::GetNetworkBoxes(arm::app::object_detection::Network&, int, int, float, std::__2::forward_list&lang;arm::app::image::Detection, std::__2::allocator&lang;arm::app::image::Detection&rang;&rang;&)::$_0&)</a><BR>
 <LI><a href="#[2cb]">tflite::AllocationInfoBuilder::MarkSubgraphLifetimesIfNecessary(tflite::Operator const*, tflite::internal::ScratchBufferRequest*, tflite::ScratchBufferHandle*, tflite::SubgraphAllocations*)</a>&nbsp;&nbsp;&nbsp;&rArr;&nbsp;&nbsp;&nbsp;<a href="#[2ab]">tflite::AllocationInfoBuilder::MarkAllocationLifetimes(int, tflite::internal::ScratchBufferRequest*, tflite::ScratchBufferHandle*, tflite::SubgraphAllocations*)</a><BR>
 <LI><a href="#[29d]">void tflite::reference_ops::transpose_internal::TransposeImpl&lang;int&rang;(int, int, int const*, int const*, int const*, int*, int const*, int const*)</a>&nbsp;&nbsp;&nbsp;&rArr;&nbsp;&nbsp;&nbsp;<a href="#[29d]">void tflite::reference_ops::transpose_internal::TransposeImpl&lang;int&rang;(int, int, int const*, int const*, int const*, int*, int const*, int const*)</a><BR>
 <LI><a href="#[29c]">void tflite::reference_ops::transpose_internal::TransposeImpl&lang;signed char&rang;(int, int, int const*, signed char const*, int const*, signed char*, int const*, int const*)</a>&nbsp;&nbsp;&nbsp;&rArr;&nbsp;&nbsp;&nbsp;<a href="#[29c]">void tflite::reference_ops::transpose_internal::TransposeImpl&lang;signed char&rang;(int, int, int const*, signed char const*, int const*, signed char*, int const*, int const*)</a><BR>
</UL>
<P>
<H3>
Function Pointers
</H3><UL>
 <LI><a href="#[7c]">ACMP01_IRQHandler</a> from startup_m55m1.o(.text.Default_Handler) referenced from startup_m55m1.o(RESET)
 <LI><a href="#[7d]">ACMP23_IRQHandler</a> from startup_m55m1.o(.text.Default_Handler) referenced from startup_m55m1.o(RESET)
 <LI><a href="#[8d]">AWF_IRQHandler</a> from startup_m55m1.o(.text.Default_Handler) referenced from startup_m55m1.o(RESET)
 <LI><a href="#[12]">BODOUT_IRQHandler</a> from startup_m55m1.o(.text.Default_Handler) referenced from startup_m55m1.o(RESET)
 <LI><a href="#[37]">BPWM0_IRQHandler</a> from startup_m55m1.o(.text.Default_Handler) referenced from startup_m55m1.o(RESET)
 <LI><a href="#[38]">BPWM1_IRQHandler</a> from startup_m55m1.o(.text.Default_Handler) referenced from startup_m55m1.o(RESET)
 <LI><a href="#[2f]">BRAKE0_IRQHandler</a> from startup_m55m1.o(.text.Default_Handler) referenced from startup_m55m1.o(RESET)
 <LI><a href="#[33]">BRAKE1_IRQHandler</a> from startup_m55m1.o(.text.Default_Handler) referenced from startup_m55m1.o(RESET)
 <LI><a href="#[b]">BusFault_Handler</a> from startup_m55m1.o(.text.Default_Handler) referenced from startup_m55m1.o(RESET)
 <LI><a href="#[78]">CANFD00_IRQHandler</a> from startup_m55m1.o(.text.Default_Handler) referenced from startup_m55m1.o(RESET)
 <LI><a href="#[79]">CANFD01_IRQHandler</a> from startup_m55m1.o(.text.Default_Handler) referenced from startup_m55m1.o(RESET)
 <LI><a href="#[7a]">CANFD10_IRQHandler</a> from startup_m55m1.o(.text.Default_Handler) referenced from startup_m55m1.o(RESET)
 <LI><a href="#[7b]">CANFD11_IRQHandler</a> from startup_m55m1.o(.text.Default_Handler) referenced from startup_m55m1.o(RESET)
 <LI><a href="#[76]">CCAP_IRQHandler</a> from imagesensor.o(.text.CCAP_IRQHandler) referenced from startup_m55m1.o(RESET)
 <LI><a href="#[16]">CKFAIL_IRQHandler</a> from startup_m55m1.o(.text.Default_Handler) referenced from startup_m55m1.o(RESET)
 <LI><a href="#[7e]">CRC_IRQHandler</a> from startup_m55m1.o(.text.Default_Handler) referenced from startup_m55m1.o(RESET)
 <LI><a href="#[77]">CRYPTO_IRQHandler</a> from startup_m55m1.o(.text.Default_Handler) referenced from startup_m55m1.o(RESET)
 <LI><a href="#[84]">DAC01_IRQHandler</a> from startup_m55m1.o(.text.Default_Handler) referenced from startup_m55m1.o(RESET)
 <LI><a href="#[6d]">DMIC0VAD_IRQHandler</a> from startup_m55m1.o(.text.Default_Handler) referenced from startup_m55m1.o(RESET)
 <LI><a href="#[6c]">DMIC0_IRQHandler</a> from startup_m55m1.o(.text.Default_Handler) referenced from startup_m55m1.o(RESET)
 <LI><a href="#[f]">DebugMon_Handler</a> from startup_m55m1.o(.text.Default_Handler) referenced from startup_m55m1.o(RESET)
 <LI><a href="#[97]">Delay</a> from sensor_hm1055.o(.text.Delay) referenced 2 times from sensor_hm1055.o(.text.InitHM1055_VGA_YUV422)
 <LI><a href="#[7f]">EADC00_IRQHandler</a> from startup_m55m1.o(.text.Default_Handler) referenced from startup_m55m1.o(RESET)
 <LI><a href="#[80]">EADC01_IRQHandler</a> from startup_m55m1.o(.text.Default_Handler) referenced from startup_m55m1.o(RESET)
 <LI><a href="#[81]">EADC02_IRQHandler</a> from startup_m55m1.o(.text.Default_Handler) referenced from startup_m55m1.o(RESET)
 <LI><a href="#[82]">EADC03_IRQHandler</a> from startup_m55m1.o(.text.Default_Handler) referenced from startup_m55m1.o(RESET)
 <LI><a href="#[89]">ECAP0_IRQHandler</a> from startup_m55m1.o(.text.Default_Handler) referenced from startup_m55m1.o(RESET)
 <LI><a href="#[8a]">ECAP1_IRQHandler</a> from startup_m55m1.o(.text.Default_Handler) referenced from startup_m55m1.o(RESET)
 <LI><a href="#[8b]">ECAP2_IRQHandler</a> from startup_m55m1.o(.text.Default_Handler) referenced from startup_m55m1.o(RESET)
 <LI><a href="#[8c]">ECAP3_IRQHandler</a> from startup_m55m1.o(.text.Default_Handler) referenced from startup_m55m1.o(RESET)
 <LI><a href="#[1f]">EINT0_IRQHandler</a> from startup_m55m1.o(.text.Default_Handler) referenced from startup_m55m1.o(RESET)
 <LI><a href="#[20]">EINT1_IRQHandler</a> from startup_m55m1.o(.text.Default_Handler) referenced from startup_m55m1.o(RESET)
 <LI><a href="#[21]">EINT2_IRQHandler</a> from startup_m55m1.o(.text.Default_Handler) referenced from startup_m55m1.o(RESET)
 <LI><a href="#[22]">EINT3_IRQHandler</a> from startup_m55m1.o(.text.Default_Handler) referenced from startup_m55m1.o(RESET)
 <LI><a href="#[23]">EINT4_IRQHandler</a> from startup_m55m1.o(.text.Default_Handler) referenced from startup_m55m1.o(RESET)
 <LI><a href="#[24]">EINT5_IRQHandler</a> from startup_m55m1.o(.text.Default_Handler) referenced from startup_m55m1.o(RESET)
 <LI><a href="#[5f]">EINT6_IRQHandler</a> from startup_m55m1.o(.text.Default_Handler) referenced from startup_m55m1.o(RESET)
 <LI><a href="#[60]">EINT7_IRQHandler</a> from startup_m55m1.o(.text.Default_Handler) referenced from startup_m55m1.o(RESET)
 <LI><a href="#[4c]">EMAC0_IRQHandler</a> from startup_m55m1.o(.text.Default_Handler) referenced from startup_m55m1.o(RESET)
 <LI><a href="#[30]">EPWM0P0_IRQHandler</a> from startup_m55m1.o(.text.Default_Handler) referenced from startup_m55m1.o(RESET)
 <LI><a href="#[31]">EPWM0P1_IRQHandler</a> from startup_m55m1.o(.text.Default_Handler) referenced from startup_m55m1.o(RESET)
 <LI><a href="#[32]">EPWM0P2_IRQHandler</a> from startup_m55m1.o(.text.Default_Handler) referenced from startup_m55m1.o(RESET)
 <LI><a href="#[34]">EPWM1P0_IRQHandler</a> from startup_m55m1.o(.text.Default_Handler) referenced from startup_m55m1.o(RESET)
 <LI><a href="#[35]">EPWM1P1_IRQHandler</a> from startup_m55m1.o(.text.Default_Handler) referenced from startup_m55m1.o(RESET)
 <LI><a href="#[36]">EPWM1P2_IRQHandler</a> from startup_m55m1.o(.text.Default_Handler) referenced from startup_m55m1.o(RESET)
 <LI><a href="#[85]">EQEI0_IRQHandler</a> from startup_m55m1.o(.text.Default_Handler) referenced from startup_m55m1.o(RESET)
 <LI><a href="#[86]">EQEI1_IRQHandler</a> from startup_m55m1.o(.text.Default_Handler) referenced from startup_m55m1.o(RESET)
 <LI><a href="#[87]">EQEI2_IRQHandler</a> from startup_m55m1.o(.text.Default_Handler) referenced from startup_m55m1.o(RESET)
 <LI><a href="#[88]">EQEI3_IRQHandler</a> from startup_m55m1.o(.text.Default_Handler) referenced from startup_m55m1.o(RESET)
 <LI><a href="#[8f]">ETI_IRQHandler</a> from startup_m55m1.o(.text.Default_Handler) referenced from startup_m55m1.o(RESET)
 <LI><a href="#[90]">GDMACH0_IRQHandler</a> from startup_m55m1.o(.text.Default_Handler) referenced from startup_m55m1.o(RESET)
 <LI><a href="#[91]">GDMACH1_IRQHandler</a> from startup_m55m1.o(.text.Default_Handler) referenced from startup_m55m1.o(RESET)
 <LI><a href="#[25]">GPA_IRQHandler</a> from startup_m55m1.o(.text.Default_Handler) referenced from startup_m55m1.o(RESET)
 <LI><a href="#[26]">GPB_IRQHandler</a> from startup_m55m1.o(.text.Default_Handler) referenced from startup_m55m1.o(RESET)
 <LI><a href="#[27]">GPC_IRQHandler</a> from startup_m55m1.o(.text.Default_Handler) referenced from startup_m55m1.o(RESET)
 <LI><a href="#[28]">GPD_IRQHandler</a> from startup_m55m1.o(.text.Default_Handler) referenced from startup_m55m1.o(RESET)
 <LI><a href="#[29]">GPE_IRQHandler</a> from startup_m55m1.o(.text.Default_Handler) referenced from startup_m55m1.o(RESET)
 <LI><a href="#[2a]">GPF_IRQHandler</a> from startup_m55m1.o(.text.Default_Handler) referenced from startup_m55m1.o(RESET)
 <LI><a href="#[2b]">GPG_IRQHandler</a> from startup_m55m1.o(.text.Default_Handler) referenced from startup_m55m1.o(RESET)
 <LI><a href="#[2c]">GPH_IRQHandler</a> from startup_m55m1.o(.text.Default_Handler) referenced from startup_m55m1.o(RESET)
 <LI><a href="#[2d]">GPI_IRQHandler</a> from startup_m55m1.o(.text.Default_Handler) referenced from startup_m55m1.o(RESET)
 <LI><a href="#[2e]">GPJ_IRQHandler</a> from startup_m55m1.o(.text.Default_Handler) referenced from startup_m55m1.o(RESET)
 <LI><a href="#[4b]">HSOTG_IRQHandler</a> from startup_m55m1.o(.text.Default_Handler) referenced from startup_m55m1.o(RESET)
 <LI><a href="#[4a]">HSUSBD_IRQHandler</a> from startup_m55m1.o(.text.Default_Handler) referenced from startup_m55m1.o(RESET)
 <LI><a href="#[49]">HSUSBH_IRQHandler</a> from startup_m55m1.o(.text.Default_Handler) referenced from startup_m55m1.o(RESET)
 <LI><a href="#[9]">HardFault_Handler</a> from startup_m55m1.o(.text.HardFault_Handler) referenced from startup_m55m1.o(RESET)
 <LI><a href="#[62]">I2C0_IRQHandler</a> from startup_m55m1.o(.text.Default_Handler) referenced from startup_m55m1.o(RESET)
 <LI><a href="#[63]">I2C1_IRQHandler</a> from startup_m55m1.o(.text.Default_Handler) referenced from startup_m55m1.o(RESET)
 <LI><a href="#[64]">I2C2_IRQHandler</a> from startup_m55m1.o(.text.Default_Handler) referenced from startup_m55m1.o(RESET)
 <LI><a href="#[65]">I2C3_IRQHandler</a> from startup_m55m1.o(.text.Default_Handler) referenced from startup_m55m1.o(RESET)
 <LI><a href="#[6e]">I2S0_IRQHandler</a> from startup_m55m1.o(.text.Default_Handler) referenced from startup_m55m1.o(RESET)
 <LI><a href="#[6f]">I2S1_IRQHandler</a> from startup_m55m1.o(.text.Default_Handler) referenced from startup_m55m1.o(RESET)
 <LI><a href="#[71]">I3C0_IRQHandler</a> from startup_m55m1.o(.text.Default_Handler) referenced from startup_m55m1.o(RESET)
 <LI><a href="#[13]">IRC_IRQHandler</a> from startup_m55m1.o(.text.Default_Handler) referenced from startup_m55m1.o(RESET)
 <LI><a href="#[17]">ISP_IRQHandler</a> from startup_m55m1.o(.text.Default_Handler) referenced from startup_m55m1.o(RESET)
 <LI><a href="#[0]">InitHM1055_VGA_YUV422</a> from sensor_hm1055.o(.text.InitHM1055_VGA_YUV422) referenced 2 times from sensor_hm1055.o(.data.g_sSensorHM1055_VGA_YUV422)
 <LI><a href="#[73]">KPI_IRQHandler</a> from startup_m55m1.o(.text.Default_Handler) referenced from startup_m55m1.o(RESET)
 <LI><a href="#[3c]">KS_IRQHandler</a> from startup_m55m1.o(.text.Default_Handler) referenced from startup_m55m1.o(RESET)
 <LI><a href="#[83]">LPADC0_IRQHandler</a> from startup_m55m1.o(.text.Default_Handler) referenced from startup_m55m1.o(RESET)
 <LI><a href="#[66]">LPI2C0_IRQHandler</a> from startup_m55m1.o(.text.Default_Handler) referenced from startup_m55m1.o(RESET)
 <LI><a href="#[3b]">LPPDMA_IRQHandler</a> from startup_m55m1.o(.text.Default_Handler) referenced from startup_m55m1.o(RESET)
 <LI><a href="#[53]">LPSPI0_IRQHandler</a> from startup_m55m1.o(.text.Default_Handler) referenced from startup_m55m1.o(RESET)
 <LI><a href="#[41]">LPTMR0_IRQHandler</a> from startup_m55m1.o(.text.Default_Handler) referenced from startup_m55m1.o(RESET)
 <LI><a href="#[42]">LPTMR1_IRQHandler</a> from startup_m55m1.o(.text.Default_Handler) referenced from startup_m55m1.o(RESET)
 <LI><a href="#[61]">LPUART0_IRQHandler</a> from startup_m55m1.o(.text.Default_Handler) referenced from startup_m55m1.o(RESET)
 <LI><a href="#[a]">MemManage_Handler</a> from startup_m55m1.o(.text.Default_Handler) referenced from startup_m55m1.o(RESET)
 <LI><a href="#[8]">NMI_Handler</a> from startup_m55m1.o(.text.Default_Handler) referenced from startup_m55m1.o(RESET)
 <LI><a href="#[1e]">NPU_IRQHandler</a> from ethosu_npu_init.o(.text.NPU_IRQHandler) referenced from startup_m55m1.o(RESET)
 <LI><a href="#[72]">OTFC0_IRQHandler</a> from startup_m55m1.o(.text.Default_Handler) referenced from startup_m55m1.o(RESET)
 <LI><a href="#[39]">PDMA0_IRQHandler</a> from startup_m55m1.o(.text.Default_Handler) referenced from startup_m55m1.o(RESET)
 <LI><a href="#[3a]">PDMA1_IRQHandler</a> from startup_m55m1.o(.text.Default_Handler) referenced from startup_m55m1.o(RESET)
 <LI><a href="#[14]">PMC_IRQHandler</a> from startup_m55m1.o(.text.Default_Handler) referenced from startup_m55m1.o(RESET)
 <LI><a href="#[6b]">PSIO_IRQHandler</a> from startup_m55m1.o(.text.Default_Handler) referenced from startup_m55m1.o(RESET)
 <LI><a href="#[10]">PendSV_Handler</a> from portasm.o(.text.PendSV_Handler) referenced from startup_m55m1.o(RESET)
 <LI><a href="#[4d]">QSPI0_IRQHandler</a> from startup_m55m1.o(.text.Default_Handler) referenced from startup_m55m1.o(RESET)
 <LI><a href="#[4e]">QSPI1_IRQHandler</a> from startup_m55m1.o(.text.Default_Handler) referenced from startup_m55m1.o(RESET)
 <LI><a href="#[19]">RTCTAMPER_IRQHandler</a> from startup_m55m1.o(.text.Default_Handler) referenced from startup_m55m1.o(RESET)
 <LI><a href="#[18]">RTC_IRQHandler</a> from startup_m55m1.o(.text.Default_Handler) referenced from startup_m55m1.o(RESET)
 <LI><a href="#[7]">Reset_Handler</a> from startup_m55m1.o(.text.Reset_Handler) referenced from startup_m55m1.o(RESET)
 <LI><a href="#[68]">SC0_IRQHandler</a> from startup_m55m1.o(.text.Default_Handler) referenced from startup_m55m1.o(RESET)
 <LI><a href="#[69]">SC1_IRQHandler</a> from startup_m55m1.o(.text.Default_Handler) referenced from startup_m55m1.o(RESET)
 <LI><a href="#[6a]">SC2_IRQHandler</a> from startup_m55m1.o(.text.Default_Handler) referenced from startup_m55m1.o(RESET)
 <LI><a href="#[74]">SDH0_IRQHandler</a> from startup_m55m1.o(.text.Default_Handler) referenced from startup_m55m1.o(RESET)
 <LI><a href="#[75]">SDH1_IRQHandler</a> from startup_m55m1.o(.text.Default_Handler) referenced from startup_m55m1.o(RESET)
 <LI><a href="#[4f]">SPI0_IRQHandler</a> from startup_m55m1.o(.text.Default_Handler) referenced from startup_m55m1.o(RESET)
 <LI><a href="#[50]">SPI1_IRQHandler</a> from startup_m55m1.o(.text.Default_Handler) referenced from startup_m55m1.o(RESET)
 <LI><a href="#[51]">SPI2_IRQHandler</a> from startup_m55m1.o(.text.Default_Handler) referenced from startup_m55m1.o(RESET)
 <LI><a href="#[52]">SPI3_IRQHandler</a> from startup_m55m1.o(.text.Default_Handler) referenced from startup_m55m1.o(RESET)
 <LI><a href="#[54]">SPIM0_IRQHandler</a> from startup_m55m1.o(.text.Default_Handler) referenced from startup_m55m1.o(RESET)
 <LI><a href="#[15]">SRAMPERR_IRQHandler</a> from startup_m55m1.o(.text.Default_Handler) referenced from startup_m55m1.o(RESET)
 <LI><a href="#[e]">SVC_Handler</a> from portasm.o(.text.SVC_Handler) referenced from startup_m55m1.o(RESET)
 <LI><a href="#[d]">SecureFault_Handler</a> from startup_m55m1.o(.text.Default_Handler) referenced from startup_m55m1.o(RESET)
 <LI><a href="#[11]">SysTick_Handler</a> from port.o(.text.SysTick_Handler) referenced from startup_m55m1.o(RESET)
 <LI><a href="#[ad]">SystemInit</a> from system_m55m1.o(.text.SystemInit) referenced from system_m55m1.o(.init_array)
 <LI><a href="#[3d]">TIMER0_IRQHandler</a> from startup_m55m1.o(.text.Default_Handler) referenced from startup_m55m1.o(RESET)
 <LI><a href="#[3e]">TIMER1_IRQHandler</a> from startup_m55m1.o(.text.Default_Handler) referenced from startup_m55m1.o(RESET)
 <LI><a href="#[3f]">TIMER2_IRQHandler</a> from startup_m55m1.o(.text.Default_Handler) referenced from startup_m55m1.o(RESET)
 <LI><a href="#[40]">TIMER3_IRQHandler</a> from startup_m55m1.o(.text.Default_Handler) referenced from startup_m55m1.o(RESET)
 <LI><a href="#[70]">TRNG_IRQHandler</a> from startup_m55m1.o(.text.Default_Handler) referenced from startup_m55m1.o(RESET)
 <LI><a href="#[43]">TTMR0_IRQHandler</a> from startup_m55m1.o(.text.Default_Handler) referenced from startup_m55m1.o(RESET)
 <LI><a href="#[44]">TTMR1_IRQHandler</a> from startup_m55m1.o(.text.Default_Handler) referenced from startup_m55m1.o(RESET)
 <LI><a href="#[55]">UART0_IRQHandler</a> from startup_m55m1.o(.text.Default_Handler) referenced from startup_m55m1.o(RESET)
 <LI><a href="#[56]">UART1_IRQHandler</a> from startup_m55m1.o(.text.Default_Handler) referenced from startup_m55m1.o(RESET)
 <LI><a href="#[57]">UART2_IRQHandler</a> from startup_m55m1.o(.text.Default_Handler) referenced from startup_m55m1.o(RESET)
 <LI><a href="#[58]">UART3_IRQHandler</a> from startup_m55m1.o(.text.Default_Handler) referenced from startup_m55m1.o(RESET)
 <LI><a href="#[59]">UART4_IRQHandler</a> from startup_m55m1.o(.text.Default_Handler) referenced from startup_m55m1.o(RESET)
 <LI><a href="#[5a]">UART5_IRQHandler</a> from startup_m55m1.o(.text.Default_Handler) referenced from startup_m55m1.o(RESET)
 <LI><a href="#[5b]">UART6_IRQHandler</a> from startup_m55m1.o(.text.Default_Handler) referenced from startup_m55m1.o(RESET)
 <LI><a href="#[5c]">UART7_IRQHandler</a> from startup_m55m1.o(.text.Default_Handler) referenced from startup_m55m1.o(RESET)
 <LI><a href="#[5d]">UART8_IRQHandler</a> from startup_m55m1.o(.text.Default_Handler) referenced from startup_m55m1.o(RESET)
 <LI><a href="#[5e]">UART9_IRQHandler</a> from startup_m55m1.o(.text.Default_Handler) referenced from startup_m55m1.o(RESET)
 <LI><a href="#[47]">USBD_IRQHandler</a> from startup_m55m1.o(.text.Default_Handler) referenced from startup_m55m1.o(RESET)
 <LI><a href="#[45]">USBH0_IRQHandler</a> from startup_m55m1.o(.text.Default_Handler) referenced from startup_m55m1.o(RESET)
 <LI><a href="#[46]">USBH1_IRQHandler</a> from startup_m55m1.o(.text.Default_Handler) referenced from startup_m55m1.o(RESET)
 <LI><a href="#[48]">USBOTG_IRQHandler</a> from startup_m55m1.o(.text.Default_Handler) referenced from startup_m55m1.o(RESET)
 <LI><a href="#[67]">USCI0_IRQHandler</a> from startup_m55m1.o(.text.Default_Handler) referenced from startup_m55m1.o(RESET)
 <LI><a href="#[8e]">UTCPD_IRQHandler</a> from startup_m55m1.o(.text.Default_Handler) referenced from startup_m55m1.o(RESET)
 <LI><a href="#[c]">UsageFault_Handler</a> from startup_m55m1.o(.text.Default_Handler) referenced from startup_m55m1.o(RESET)
 <LI><a href="#[1a]">WDT0_IRQHandler</a> from startup_m55m1.o(.text.Default_Handler) referenced from startup_m55m1.o(RESET)
 <LI><a href="#[1c]">WDT1_IRQHandler</a> from startup_m55m1.o(.text.Default_Handler) referenced from startup_m55m1.o(RESET)
 <LI><a href="#[1b]">WWDT0_IRQHandler</a> from startup_m55m1.o(.text.Default_Handler) referenced from startup_m55m1.o(RESET)
 <LI><a href="#[1d]">WWDT1_IRQHandler</a> from startup_m55m1.o(.text.Default_Handler) referenced from startup_m55m1.o(RESET)
 <LI><a href="#[ae]">_GLOBAL__sub_I_main.cpp</a> from main.o(.text._GLOBAL__sub_I_main.cpp) referenced from main.o(.init_array)
 <LI><a href="#[9a]">inferenceProcessTask(void*)</a> from inferencetask.o(.text._Z20inferenceProcessTaskPv) referenced 2 times from main.o(.text._ZL9main_taskPv)
 <LI><a href="#[9c]">main_task(void*)</a> from main.o(.text._ZL9main_taskPv) referenced 2 times from main.o(.text.main)
 <LI><a href="#[a3]">arm::app::YoloXnanoNu::GetOpResolver()</a> from yoloxnanonu.o(.text._ZN3arm3app11YoloXnanoNu13GetOpResolverEv) referenced from yoloxnanonu.o(.rodata._ZTVN3arm3app11YoloXnanoNuE)
 <LI><a href="#[a4]">arm::app::YoloXnanoNu::EnlistOperations()</a> from yoloxnanonu.o(.text._ZN3arm3app11YoloXnanoNu16EnlistOperationsEv) referenced from yoloxnanonu.o(.rodata._ZTVN3arm3app11YoloXnanoNuE)
 <LI><a href="#[a1]">arm::app::YoloXnanoNu::~YoloXnanoNu__deallocating()</a> from yoloxnanonu.o(.text._ZN3arm3app11YoloXnanoNuD0Ev) referenced from yoloxnanonu.o(.rodata._ZTVN3arm3app11YoloXnanoNuE)
 <LI><a href="#[a0]">arm::app::YoloXnanoNu::~YoloXnanoNu__sub_object()</a> from yoloxnanonu.o(.text._ZN3arm3app11YoloXnanoNuD2Ev) referenced from yoloxnanonu.o(.rodata._ZTVN3arm3app11YoloXnanoNuE)
 <LI><a href="#[a2]">arm::app::Model::RunInference()</a> from model.o(.text._ZN3arm3app5Model12RunInferenceEv) referenced from yoloxnanonu.o(.rodata._ZTVN3arm3app11YoloXnanoNuE)
 <LI><a href="#[a2]">arm::app::Model::RunInference()</a> from model.o(.text._ZN3arm3app5Model12RunInferenceEv) referenced from model.o(.rodata._ZTVN3arm3app5ModelE)
 <LI><a href="#[a6]">arm::app::Model::~Model__deallocating()</a> from model.o(.text._ZN3arm3app5ModelD0Ev) referenced from model.o(.rodata._ZTVN3arm3app5ModelE)
 <LI><a href="#[a5]">arm::app::Model::~Model__sub_object()</a> from model.o(.text._ZN3arm3app5ModelD2Ev) referenced from model.o(.rodata._ZTVN3arm3app5ModelE)
 <LI><a href="#[be]">tflite::(anonymous namespace)::TransposeEval(TfLiteContext*, TfLiteNode*)</a> from transpose.o(.text._ZN6tflite12_GLOBAL__N_113TransposeEvalEP13TfLiteContextP10TfLiteNode) referenced 2 times from transpose.o(.text._ZN6tflite18Register_TRANSPOSEEv)
 <LI><a href="#[bd]">tflite::(anonymous namespace)::TransposePrepare(TfLiteContext*, TfLiteNode*)</a> from transpose.o(.text._ZN6tflite12_GLOBAL__N_116TransposePrepareEP13TfLiteContextP10TfLiteNode) referenced 2 times from transpose.o(.text._ZN6tflite18Register_TRANSPOSEEv)
 <LI><a href="#[b0]">tflite::(anonymous namespace)::MicroBuiltinDataAllocator::Deallocate(void*)</a> from micro_allocator.o(.text._ZN6tflite12_GLOBAL__N_125MicroBuiltinDataAllocator10DeallocateEPv) referenced from micro_allocator.o(.text._ZN6tflite14MicroAllocator20StartModelAllocationEPKNS_5ModelE)
 <LI><a href="#[af]">tflite::(anonymous namespace)::MicroBuiltinDataAllocator::Allocate(unsigned int, unsigned int)</a> from micro_allocator.o(.text._ZN6tflite12_GLOBAL__N_125MicroBuiltinDataAllocator8AllocateEjj) referenced from micro_allocator.o(.text._ZN6tflite14MicroAllocator20StartModelAllocationEPKNS_5ModelE)
 <LI><a href="#[b2]">tflite::(anonymous namespace)::MicroBuiltinDataAllocator::~MicroBuiltinDataAllocator__deallocating()</a> from micro_allocator.o(.text._ZN6tflite12_GLOBAL__N_125MicroBuiltinDataAllocatorD0Ev) referenced from micro_allocator.o(.text._ZN6tflite14MicroAllocator20StartModelAllocationEPKNS_5ModelE)
 <LI><a href="#[b5]">tflite::(anonymous namespace)::Eval(TfLiteContext*, TfLiteNode*)</a> from ethosu.o(.text._ZN6tflite12_GLOBAL__N_14EvalEP13TfLiteContextP10TfLiteNode) referenced 2 times from ethosu.o(.text._ZN6tflite15Register_ETHOSUEv)
 <LI><a href="#[b3]">tflite::(anonymous namespace)::Init(TfLiteContext*, char const*, unsigned int)</a> from ethosu.o(.text._ZN6tflite12_GLOBAL__N_14InitEP13TfLiteContextPKcj) referenced 2 times from ethosu.o(.text._ZN6tflite15Register_ETHOSUEv)
 <LI><a href="#[b4]">tflite::(anonymous namespace)::Prepare(TfLiteContext*, TfLiteNode*)</a> from ethosu.o(.text._ZN6tflite12_GLOBAL__N_17PrepareEP13TfLiteContextP10TfLiteNode) referenced 2 times from ethosu.o(.text._ZN6tflite15Register_ETHOSUEv)
 <LI><a href="#[d0]">tflite::ErrorReporter::~ErrorReporter__sub_object()</a> from micro_error_reporter.o(.text._ZN6tflite13ErrorReporterD2Ev) referenced from micro_error_reporter.o(.rodata._ZTVN6tflite18MicroErrorReporterE)
 <LI><a href="#[cb]">tflite::MicroAllocator::AllocateVariables(tflite::SubGraph const*, TfLiteEvalTensor*, int const*)</a> from micro_allocator.o(.text._ZN6tflite14MicroAllocator17AllocateVariablesEPKNS_8SubGraphEP16TfLiteEvalTensorPKi) referenced from micro_allocator.o(.rodata._ZTVN6tflite14MicroAllocatorE)
 <LI><a href="#[c2]">tflite::MicroAllocator::AllocateTempBuffer(unsigned int, unsigned int)</a> from micro_allocator.o(.text._ZN6tflite14MicroAllocator18AllocateTempBufferEjj) referenced from micro_allocator.o(.rodata._ZTVN6tflite14MicroAllocatorE)
 <LI><a href="#[c3]">tflite::MicroAllocator::DeallocateTempBuffer(unsigned char*)</a> from micro_allocator.o(.text._ZN6tflite14MicroAllocator20DeallocateTempBufferEPh) referenced from micro_allocator.o(.rodata._ZTVN6tflite14MicroAllocatorE)
 <LI><a href="#[c5]">tflite::MicroAllocator::IsAllTempDeallocated()</a> from micro_allocator.o(.text._ZN6tflite14MicroAllocator20IsAllTempDeallocatedEv) referenced from micro_allocator.o(.rodata._ZTVN6tflite14MicroAllocatorE)
 <LI><a href="#[c4]">tflite::MicroAllocator::ResetTempAllocations()</a> from micro_allocator.o(.text._ZN6tflite14MicroAllocator20ResetTempAllocationsEv) referenced from micro_allocator.o(.rodata._ZTVN6tflite14MicroAllocatorE)
 <LI><a href="#[ce]">tflite::MicroAllocator::CommitStaticMemoryPlan(tflite::Model const*, tflite::SubgraphAllocations*, tflite::ScratchBufferHandle*)</a> from micro_allocator.o(.text._ZN6tflite14MicroAllocator22CommitStaticMemoryPlanEPKNS_5ModelEPNS_19SubgraphAllocationsEPNS_19ScratchBufferHandleE) referenced from micro_allocator.o(.rodata._ZTVN6tflite14MicroAllocatorE)
 <LI><a href="#[c6]">tflite::MicroAllocator::AllocatePersistentBuffer(unsigned int)</a> from micro_allocator.o(.text._ZN6tflite14MicroAllocator24AllocatePersistentBufferEj) referenced from micro_allocator.o(.rodata._ZTVN6tflite14MicroAllocatorE)
 <LI><a href="#[c0]">tflite::MicroAllocator::AllocateTempTfLiteTensor(tflite::Model const*, tflite::SubgraphAllocations const*, int, int)</a> from micro_allocator.o(.text._ZN6tflite14MicroAllocator24AllocateTempTfLiteTensorEPKNS_5ModelEPKNS_19SubgraphAllocationsEii) referenced from micro_allocator.o(.rodata._ZTVN6tflite14MicroAllocatorE)
 <LI><a href="#[ca]">tflite::MicroAllocator::AllocateTfLiteEvalTensors(tflite::Model const*, tflite::SubgraphAllocations*)</a> from micro_allocator.o(.text._ZN6tflite14MicroAllocator25AllocateTfLiteEvalTensorsEPKNS_5ModelEPNS_19SubgraphAllocationsE) referenced from micro_allocator.o(.rodata._ZTVN6tflite14MicroAllocatorE)
 <LI><a href="#[c1]">tflite::MicroAllocator::DeallocateTempTfLiteTensor(TfLiteTensor*)</a> from micro_allocator.o(.text._ZN6tflite14MicroAllocator26DeallocateTempTfLiteTensorEP12TfLiteTensor) referenced from micro_allocator.o(.rodata._ZTVN6tflite14MicroAllocatorE)
 <LI><a href="#[c9]">tflite::MicroAllocator::AllocateNodeAndRegistrations(tflite::Model const*, tflite::SubgraphAllocations*)</a> from micro_allocator.o(.text._ZN6tflite14MicroAllocator28AllocateNodeAndRegistrationsEPKNS_5ModelEPNS_19SubgraphAllocationsE) referenced from micro_allocator.o(.rodata._ZTVN6tflite14MicroAllocatorE)
 <LI><a href="#[cf]">tflite::MicroAllocator::AllocateScratchBufferHandles(tflite::ScratchBufferHandle**, unsigned int)</a> from micro_allocator.o(.text._ZN6tflite14MicroAllocator28AllocateScratchBufferHandlesEPPNS_19ScratchBufferHandleEj) referenced from micro_allocator.o(.rodata._ZTVN6tflite14MicroAllocatorE)
 <LI><a href="#[bf]">tflite::MicroAllocator::AllocatePersistentTfLiteTensor(tflite::Model const*, tflite::SubgraphAllocations const*, int, int)</a> from micro_allocator.o(.text._ZN6tflite14MicroAllocator30AllocatePersistentTfLiteTensorEPKNS_5ModelEPKNS_19SubgraphAllocationsEii) referenced from micro_allocator.o(.rodata._ZTVN6tflite14MicroAllocatorE)
 <LI><a href="#[cd]">tflite::MicroAllocator::PopulateTfLiteTensorFromFlatbuffer(tflite::Model const*, TfLiteTensor*, int, int, bool)</a> from micro_allocator.o(.text._ZN6tflite14MicroAllocator34PopulateTfLiteTensorFromFlatbufferEPKNS_5ModelEP12TfLiteTensoriib) referenced from micro_allocator.o(.rodata._ZTVN6tflite14MicroAllocatorE)
 <LI><a href="#[cc]">tflite::MicroAllocator::AllocatePersistentTfLiteTensorInternal()</a> from micro_allocator.o(.text._ZN6tflite14MicroAllocator38AllocatePersistentTfLiteTensorInternalEv) referenced from micro_allocator.o(.rodata._ZTVN6tflite14MicroAllocatorE)
 <LI><a href="#[c8]">tflite::MicroAllocator::~MicroAllocator__deallocating()</a> from micro_allocator.o(.text._ZN6tflite14MicroAllocatorD0Ev) referenced from micro_allocator.o(.rodata._ZTVN6tflite14MicroAllocatorE)
 <LI><a href="#[c7]">tflite::MicroAllocator::~MicroAllocator__sub_object()</a> from micro_allocator.o(.text._ZN6tflite14MicroAllocatorD2Ev) referenced from micro_allocator.o(.rodata._ZTVN6tflite14MicroAllocatorE)
 <LI><a href="#[9b]">tflite::ParseTranspose(tflite::Operator const*, tflite::ErrorReporter*, tflite::BuiltinDataAllocator*, void**)</a> from flatbuffer_conversions.o(.text._ZN6tflite14ParseTransposeEPKNS_8OperatorEPNS_13ErrorReporterEPNS_20BuiltinDataAllocatorEPPv) referenced 2 times from yoloxnanonu.o(.text._ZN6tflite22MicroMutableOpResolverILj2EE12AddTransposeEv)
 <LI><a href="#[ab]">tflite::MicroOpResolver::~MicroOpResolver__sub_object()</a> from main.o(.text._ZN6tflite15MicroOpResolverD2Ev) referenced from main.o(.rodata._ZTVN6tflite22MicroMutableOpResolverILj2EEE)
 <LI><a href="#[d2]">tflite::MicroErrorReporter::Report(char const*, std::__va_list)</a> from micro_error_reporter.o(.text._ZN6tflite18MicroErrorReporter6ReportEPKcSt9__va_list) referenced from micro_error_reporter.o(.rodata._ZTVN6tflite18MicroErrorReporterE)
 <LI><a href="#[d1]">tflite::MicroErrorReporter::~MicroErrorReporter__deallocating()</a> from micro_error_reporter.o(.text._ZN6tflite18MicroErrorReporterD0Ev) referenced from micro_error_reporter.o(.rodata._ZTVN6tflite18MicroErrorReporterE)
 <LI><a href="#[e6]">tflite::MicroMemoryPlanner::PrintMemoryPlan()</a> from linear_memory_planner.o(.text._ZN6tflite18MicroMemoryPlanner15PrintMemoryPlanEv) referenced from linear_memory_planner.o(.rodata._ZTVN6tflite19LinearMemoryPlannerE)
 <LI><a href="#[e4]">tflite::MicroMemoryPlanner::Init(unsigned char*, int)</a> from linear_memory_planner.o(.text._ZN6tflite18MicroMemoryPlanner4InitEPhi) referenced from linear_memory_planner.o(.rodata._ZTVN6tflite19LinearMemoryPlannerE)
 <LI><a href="#[e0]">tflite::MicroMemoryPlanner::AddBuffer(int, int, int, int)</a> from linear_memory_planner.o(.text._ZN6tflite18MicroMemoryPlanner9AddBufferEiiii) referenced from linear_memory_planner.o(.rodata._ZTVN6tflite19LinearMemoryPlannerE)
 <LI><a href="#[d8]">tflite::GreedyMemoryPlanner::GetBufferCount()</a> from greedy_memory_planner.o(.text._ZN6tflite19GreedyMemoryPlanner14GetBufferCountEv) referenced from greedy_memory_planner.o(.rodata._ZTVN6tflite19GreedyMemoryPlannerE)
 <LI><a href="#[dc]">tflite::GreedyMemoryPlanner::PrintMemoryPlan()</a> from greedy_memory_planner.o(.text._ZN6tflite19GreedyMemoryPlanner15PrintMemoryPlanEv) referenced from greedy_memory_planner.o(.rodata._ZTVN6tflite19GreedyMemoryPlannerE)
 <LI><a href="#[d9]">tflite::GreedyMemoryPlanner::GetOffsetForBuffer(int, int*)</a> from greedy_memory_planner.o(.text._ZN6tflite19GreedyMemoryPlanner18GetOffsetForBufferEiPi) referenced from greedy_memory_planner.o(.rodata._ZTVN6tflite19GreedyMemoryPlannerE)
 <LI><a href="#[d7]">tflite::GreedyMemoryPlanner::GetMaximumMemorySize()</a> from greedy_memory_planner.o(.text._ZN6tflite19GreedyMemoryPlanner20GetMaximumMemorySizeEv) referenced from greedy_memory_planner.o(.rodata._ZTVN6tflite19GreedyMemoryPlannerE)
 <LI><a href="#[da]">tflite::GreedyMemoryPlanner::Init(unsigned char*, int)</a> from greedy_memory_planner.o(.text._ZN6tflite19GreedyMemoryPlanner4InitEPhi) referenced from greedy_memory_planner.o(.rodata._ZTVN6tflite19GreedyMemoryPlannerE)
 <LI><a href="#[d5]">tflite::GreedyMemoryPlanner::AddBuffer(int, int, int)</a> from greedy_memory_planner.o(.text._ZN6tflite19GreedyMemoryPlanner9AddBufferEiii) referenced from greedy_memory_planner.o(.rodata._ZTVN6tflite19GreedyMemoryPlannerE)
 <LI><a href="#[d6]">tflite::GreedyMemoryPlanner::AddBuffer(int, int, int, int)</a> from greedy_memory_planner.o(.text._ZN6tflite19GreedyMemoryPlanner9AddBufferEiiii) referenced from greedy_memory_planner.o(.rodata._ZTVN6tflite19GreedyMemoryPlannerE)
 <LI><a href="#[d4]">tflite::GreedyMemoryPlanner::~GreedyMemoryPlanner__deallocating()</a> from greedy_memory_planner.o(.text._ZN6tflite19GreedyMemoryPlannerD0Ev) referenced from greedy_memory_planner.o(.rodata._ZTVN6tflite19GreedyMemoryPlannerE)
 <LI><a href="#[d3]">tflite::GreedyMemoryPlanner::~GreedyMemoryPlanner__sub_object()</a> from greedy_memory_planner.o(.text._ZN6tflite19GreedyMemoryPlannerD2Ev) referenced from greedy_memory_planner.o(.rodata._ZTVN6tflite19GreedyMemoryPlannerE)
 <LI><a href="#[e2]">tflite::LinearMemoryPlanner::GetBufferCount()</a> from linear_memory_planner.o(.text._ZN6tflite19LinearMemoryPlanner14GetBufferCountEv) referenced from linear_memory_planner.o(.rodata._ZTVN6tflite19LinearMemoryPlannerE)
 <LI><a href="#[e3]">tflite::LinearMemoryPlanner::GetOffsetForBuffer(int, int*)</a> from linear_memory_planner.o(.text._ZN6tflite19LinearMemoryPlanner18GetOffsetForBufferEiPi) referenced from linear_memory_planner.o(.rodata._ZTVN6tflite19LinearMemoryPlannerE)
 <LI><a href="#[e1]">tflite::LinearMemoryPlanner::GetMaximumMemorySize()</a> from linear_memory_planner.o(.text._ZN6tflite19LinearMemoryPlanner20GetMaximumMemorySizeEv) referenced from linear_memory_planner.o(.rodata._ZTVN6tflite19LinearMemoryPlannerE)
 <LI><a href="#[df]">tflite::LinearMemoryPlanner::AddBuffer(int, int, int)</a> from linear_memory_planner.o(.text._ZN6tflite19LinearMemoryPlanner9AddBufferEiii) referenced from linear_memory_planner.o(.rodata._ZTVN6tflite19LinearMemoryPlannerE)
 <LI><a href="#[de]">tflite::LinearMemoryPlanner::~LinearMemoryPlanner__deallocating()</a> from linear_memory_planner.o(.text._ZN6tflite19LinearMemoryPlannerD0Ev) referenced from linear_memory_planner.o(.rodata._ZTVN6tflite19LinearMemoryPlannerE)
 <LI><a href="#[dd]">tflite::LinearMemoryPlanner::~LinearMemoryPlanner__sub_object()</a> from linear_memory_planner.o(.text._ZN6tflite19LinearMemoryPlannerD2Ev) referenced from linear_memory_planner.o(.rodata._ZTVN6tflite19LinearMemoryPlannerE)
 <LI><a href="#[b1]">tflite::BuiltinDataAllocator::~BuiltinDataAllocator__sub_object()</a> from micro_allocator.o(.text._ZN6tflite20BuiltinDataAllocatorD2Ev) referenced from micro_allocator.o(.text._ZN6tflite14MicroAllocator20StartModelAllocationEPKNS_5ModelE)
 <LI><a href="#[b6]">tflite::MicroContextGetTensor(TfLiteContext const*, int)</a> from micro_interpreter.o(.text._ZN6tflite21MicroContextGetTensorEPK13TfLiteContexti) referenced 2 times from micro_interpreter.o(.text._ZN6tflite16MicroInterpreterC2EPKNS_5ModelERKNS_15MicroOpResolverEPNS_14MicroAllocatorEPNS_22MicroResourceVariablesEPNS_22MicroProfilerInterfaceE)
 <LI><a href="#[ee]">tflite::MicroInterpreterGraph::NumSubgraphs()</a> from micro_interpreter_graph.o(.text._ZN6tflite21MicroInterpreterGraph12NumSubgraphsEv) referenced from micro_interpreter_graph.o(.rodata._ZTVN6tflite21MicroInterpreterGraphE)
 <LI><a href="#[f3]">tflite::MicroInterpreterGraph::FreeSubgraphs()</a> from micro_interpreter_graph.o(.text._ZN6tflite21MicroInterpreterGraph13FreeSubgraphsEv) referenced from micro_interpreter_graph.o(.rodata._ZTVN6tflite21MicroInterpreterGraphE)
 <LI><a href="#[f0]">tflite::MicroInterpreterGraph::InitSubgraphs()</a> from micro_interpreter_graph.o(.text._ZN6tflite21MicroInterpreterGraph13InitSubgraphsEv) referenced from micro_interpreter_graph.o(.rodata._ZTVN6tflite21MicroInterpreterGraphE)
 <LI><a href="#[e9]">tflite::MicroInterpreterGraph::InvokeSubgraph(int)</a> from micro_interpreter_graph.o(.text._ZN6tflite21MicroInterpreterGraph14InvokeSubgraphEi) referenced from micro_interpreter_graph.o(.rodata._ZTVN6tflite21MicroInterpreterGraphE)
 <LI><a href="#[f2]">tflite::MicroInterpreterGraph::ResetSubgraphs()</a> from micro_interpreter_graph.o(.text._ZN6tflite21MicroInterpreterGraph14ResetSubgraphsEv) referenced from micro_interpreter_graph.o(.rodata._ZTVN6tflite21MicroInterpreterGraphE)
 <LI><a href="#[eb]">tflite::MicroInterpreterGraph::GetSubgraphInput(int, int)</a> from micro_interpreter_graph.o(.text._ZN6tflite21MicroInterpreterGraph16GetSubgraphInputEii) referenced from micro_interpreter_graph.o(.rodata._ZTVN6tflite21MicroInterpreterGraphE)
 <LI><a href="#[f1]">tflite::MicroInterpreterGraph::PrepareSubgraphs()</a> from micro_interpreter_graph.o(.text._ZN6tflite21MicroInterpreterGraph16PrepareSubgraphsEv) referenced from micro_interpreter_graph.o(.rodata._ZTVN6tflite21MicroInterpreterGraphE)
 <LI><a href="#[ed]">tflite::MicroInterpreterGraph::GetSubgraphOutput(int, int)</a> from micro_interpreter_graph.o(.text._ZN6tflite21MicroInterpreterGraph17GetSubgraphOutputEii) referenced from micro_interpreter_graph.o(.rodata._ZTVN6tflite21MicroInterpreterGraphE)
 <LI><a href="#[ea]">tflite::MicroInterpreterGraph::NumSubgraphInputs(int)</a> from micro_interpreter_graph.o(.text._ZN6tflite21MicroInterpreterGraph17NumSubgraphInputsEi) referenced from micro_interpreter_graph.o(.rodata._ZTVN6tflite21MicroInterpreterGraphE)
 <LI><a href="#[ec]">tflite::MicroInterpreterGraph::NumSubgraphOutputs(int)</a> from micro_interpreter_graph.o(.text._ZN6tflite21MicroInterpreterGraph18NumSubgraphOutputsEi) referenced from micro_interpreter_graph.o(.rodata._ZTVN6tflite21MicroInterpreterGraphE)
 <LI><a href="#[ef]">tflite::MicroInterpreterGraph::GetResourceVariables()</a> from micro_interpreter_graph.o(.text._ZN6tflite21MicroInterpreterGraph20GetResourceVariablesEv) referenced from micro_interpreter_graph.o(.rodata._ZTVN6tflite21MicroInterpreterGraphE)
 <LI><a href="#[f4]">tflite::MicroInterpreterGraph::ResetVariableTensors()</a> from micro_interpreter_graph.o(.text._ZN6tflite21MicroInterpreterGraph20ResetVariableTensorsEv) referenced from micro_interpreter_graph.o(.rodata._ZTVN6tflite21MicroInterpreterGraphE)
 <LI><a href="#[e8]">tflite::MicroInterpreterGraph::~MicroInterpreterGraph__deallocating()</a> from micro_interpreter_graph.o(.text._ZN6tflite21MicroInterpreterGraphD0Ev) referenced from micro_interpreter_graph.o(.rodata._ZTVN6tflite21MicroInterpreterGraphE)
 <LI><a href="#[e7]">tflite::MicroInterpreterGraph::~MicroInterpreterGraph__sub_object()</a> from micro_interpreter_graph.o(.text._ZN6tflite21MicroInterpreterGraphD2Ev) referenced from micro_interpreter_graph.o(.rodata._ZTVN6tflite21MicroInterpreterGraphE)
 <LI><a href="#[ac]">tflite::MicroMutableOpResolver&lang;2u&rang;::~MicroMutableOpResolver__deallocating()</a> from main.o(.text._ZN6tflite22MicroMutableOpResolverILj2EED0Ev) referenced from main.o(.rodata._ZTVN6tflite22MicroMutableOpResolverILj2EEE)
 <LI><a href="#[fe]">tflite::MicroInterpreterContext::GetEvalTensor(int)</a> from micro_interpreter_context.o(.text._ZN6tflite23MicroInterpreterContext13GetEvalTensorEi) referenced from micro_interpreter_context.o(.rodata._ZTVN6tflite23MicroInterpreterContextE)
 <LI><a href="#[f9]">tflite::MicroInterpreterContext::GetScratchBuffer(int)</a> from micro_interpreter_context.o(.text._ZN6tflite23MicroInterpreterContext16GetScratchBufferEi) referenced from micro_interpreter_context.o(.rodata._ZTVN6tflite23MicroInterpreterContextE)
 <LI><a href="#[100]">tflite::MicroInterpreterContext::external_context()</a> from micro_interpreter_context.o(.text._ZN6tflite23MicroInterpreterContext16external_contextEv) referenced from micro_interpreter_context.o(.rodata._ZTVN6tflite23MicroInterpreterContextE)
 <LI><a href="#[fc]">tflite::MicroInterpreterContext::AllocateTempBuffer(unsigned int, unsigned int)</a> from micro_interpreter_context.o(.text._ZN6tflite23MicroInterpreterContext18AllocateTempBufferEjj) referenced from micro_interpreter_context.o(.rodata._ZTVN6tflite23MicroInterpreterContextE)
 <LI><a href="#[fd]">tflite::MicroInterpreterContext::DeallocateTempBuffer(unsigned char*)</a> from micro_interpreter_context.o(.text._ZN6tflite23MicroInterpreterContext20DeallocateTempBufferEPh) referenced from micro_interpreter_context.o(.rodata._ZTVN6tflite23MicroInterpreterContextE)
 <LI><a href="#[ff]">tflite::MicroInterpreterContext::set_external_context(void*)</a> from micro_interpreter_context.o(.text._ZN6tflite23MicroInterpreterContext20set_external_contextEPv) referenced from micro_interpreter_context.o(.rodata._ZTVN6tflite23MicroInterpreterContextE)
 <LI><a href="#[f7]">tflite::MicroInterpreterContext::AllocatePersistentBuffer(unsigned int)</a> from micro_interpreter_context.o(.text._ZN6tflite23MicroInterpreterContext24AllocatePersistentBufferEj) referenced from micro_interpreter_context.o(.rodata._ZTVN6tflite23MicroInterpreterContextE)
 <LI><a href="#[fa]">tflite::MicroInterpreterContext::AllocateTempTfLiteTensor(int)</a> from micro_interpreter_context.o(.text._ZN6tflite23MicroInterpreterContext24AllocateTempTfLiteTensorEi) referenced from micro_interpreter_context.o(.rodata._ZTVN6tflite23MicroInterpreterContextE)
 <LI><a href="#[fb]">tflite::MicroInterpreterContext::DeallocateTempTfLiteTensor(TfLiteTensor*)</a> from micro_interpreter_context.o(.text._ZN6tflite23MicroInterpreterContext26DeallocateTempTfLiteTensorEP12TfLiteTensor) referenced from micro_interpreter_context.o(.rodata._ZTVN6tflite23MicroInterpreterContextE)
 <LI><a href="#[f8]">tflite::MicroInterpreterContext::RequestScratchBufferInArena(unsigned int, int*)</a> from micro_interpreter_context.o(.text._ZN6tflite23MicroInterpreterContext27RequestScratchBufferInArenaEjPi) referenced from micro_interpreter_context.o(.rodata._ZTVN6tflite23MicroInterpreterContextE)
 <LI><a href="#[101]">tflite::MicroInterpreterContext::graph()</a> from micro_interpreter_context.o(.text._ZN6tflite23MicroInterpreterContext5graphEv) referenced from micro_interpreter_context.o(.rodata._ZTVN6tflite23MicroInterpreterContextE)
 <LI><a href="#[f6]">tflite::MicroInterpreterContext::~MicroInterpreterContext__deallocating()</a> from micro_interpreter_context.o(.text._ZN6tflite23MicroInterpreterContextD0Ev) referenced from micro_interpreter_context.o(.rodata._ZTVN6tflite23MicroInterpreterContextE)
 <LI><a href="#[f5]">tflite::MicroInterpreterContext::~MicroInterpreterContext__sub_object()</a> from micro_interpreter_context.o(.text._ZN6tflite23MicroInterpreterContextD2Ev) referenced from micro_interpreter_context.o(.rodata._ZTVN6tflite23MicroInterpreterContextE)
 <LI><a href="#[b7]">tflite::MicroContextGetEvalTensor(TfLiteContext const*, int)</a> from micro_interpreter.o(.text._ZN6tflite25MicroContextGetEvalTensorEPK13TfLiteContexti) referenced 2 times from micro_interpreter.o(.text._ZN6tflite16MicroInterpreterC2EPKNS_5ModelERKNS_15MicroOpResolverEPNS_14MicroAllocatorEPNS_22MicroResourceVariablesEPNS_22MicroProfilerInterfaceE)
 <LI><a href="#[b8]">tflite::MicroContextReportOpError(TfLiteContext*, char const*, ...)</a> from micro_context.o(.text._ZN6tflite25MicroContextReportOpErrorEP13TfLiteContextPKcz) referenced 2 times from micro_interpreter.o(.text._ZN6tflite16MicroInterpreterC2EPKNS_5ModelERKNS_15MicroOpResolverEPNS_14MicroAllocatorEPNS_22MicroResourceVariablesEPNS_22MicroProfilerInterfaceE)
 <LI><a href="#[104]">tflite::SingleArenaBufferAllocator::AllocateTemp(unsigned int, unsigned int)</a> from single_arena_buffer_allocator.o(.text._ZN6tflite26SingleArenaBufferAllocator12AllocateTempEjj) referenced from single_arena_buffer_allocator.o(.rodata._ZTVN6tflite26SingleArenaBufferAllocatorE)
 <LI><a href="#[109]">tflite::SingleArenaBufferAllocator::ResizeBuffer(unsigned char*, unsigned int, unsigned int)</a> from single_arena_buffer_allocator.o(.text._ZN6tflite26SingleArenaBufferAllocator12ResizeBufferEPhjj) referenced from single_arena_buffer_allocator.o(.rodata._ZTVN6tflite26SingleArenaBufferAllocatorE)
 <LI><a href="#[105]">tflite::SingleArenaBufferAllocator::DeallocateTemp(unsigned char*)</a> from single_arena_buffer_allocator.o(.text._ZN6tflite26SingleArenaBufferAllocator14DeallocateTempEPh) referenced from single_arena_buffer_allocator.o(.rodata._ZTVN6tflite26SingleArenaBufferAllocatorE)
 <LI><a href="#[106]">tflite::SingleArenaBufferAllocator::IsAllTempDeallocated()</a> from single_arena_buffer_allocator.o(.text._ZN6tflite26SingleArenaBufferAllocator20IsAllTempDeallocatedEv) referenced from single_arena_buffer_allocator.o(.rodata._ZTVN6tflite26SingleArenaBufferAllocatorE)
 <LI><a href="#[107]">tflite::SingleArenaBufferAllocator::ResetTempAllocations()</a> from single_arena_buffer_allocator.o(.text._ZN6tflite26SingleArenaBufferAllocator20ResetTempAllocationsEv) referenced from single_arena_buffer_allocator.o(.rodata._ZTVN6tflite26SingleArenaBufferAllocatorE)
 <LI><a href="#[108]">tflite::SingleArenaBufferAllocator::AllocateResizableBuffer(unsigned int, unsigned int)</a> from single_arena_buffer_allocator.o(.text._ZN6tflite26SingleArenaBufferAllocator23AllocateResizableBufferEjj) referenced from single_arena_buffer_allocator.o(.rodata._ZTVN6tflite26SingleArenaBufferAllocatorE)
 <LI><a href="#[10f]">tflite::SingleArenaBufferAllocator::AllocatePersistentBuffer(unsigned int, unsigned int)</a> from single_arena_buffer_allocator.o(.text._ZN6tflite26SingleArenaBufferAllocator24AllocatePersistentBufferEjj) referenced from single_arena_buffer_allocator.o(.rodata._ZTVN6tflite26SingleArenaBufferAllocatorE)
 <LI><a href="#[10a]">tflite::SingleArenaBufferAllocator::DeallocateResizableBuffer(unsigned char*)</a> from single_arena_buffer_allocator.o(.text._ZN6tflite26SingleArenaBufferAllocator25DeallocateResizableBufferEPh) referenced from single_arena_buffer_allocator.o(.rodata._ZTVN6tflite26SingleArenaBufferAllocatorE)
 <LI><a href="#[10c]">tflite::SingleArenaBufferAllocator::ReserveNonPersistentOverlayMemory(unsigned int, unsigned int)</a> from single_arena_buffer_allocator.o(.text._ZN6tflite26SingleArenaBufferAllocator33ReserveNonPersistentOverlayMemoryEjj) referenced from single_arena_buffer_allocator.o(.rodata._ZTVN6tflite26SingleArenaBufferAllocatorE)
 <LI><a href="#[103]">tflite::SingleArenaBufferAllocator::~SingleArenaBufferAllocator__deallocating()</a> from single_arena_buffer_allocator.o(.text._ZN6tflite26SingleArenaBufferAllocatorD0Ev) referenced from single_arena_buffer_allocator.o(.rodata._ZTVN6tflite26SingleArenaBufferAllocatorE)
 <LI><a href="#[102]">tflite::SingleArenaBufferAllocator::~SingleArenaBufferAllocator__sub_object()</a> from single_arena_buffer_allocator.o(.text._ZN6tflite26SingleArenaBufferAllocatorD2Ev) referenced from single_arena_buffer_allocator.o(.rodata._ZTVN6tflite26SingleArenaBufferAllocatorE)
 <LI><a href="#[bc]">tflite::MicroContextGetScratchBuffer(TfLiteContext*, int)</a> from micro_interpreter.o(.text._ZN6tflite28MicroContextGetScratchBufferEP13TfLiteContexti) referenced 2 times from micro_interpreter.o(.text._ZN6tflite16MicroInterpreterC2EPKNS_5ModelERKNS_15MicroOpResolverEPNS_14MicroAllocatorEPNS_22MicroResourceVariablesEPNS_22MicroProfilerInterfaceE)
 <LI><a href="#[b9]">tflite::MicroContextGetExternalContext(TfLiteContext*, TfLiteExternalContextType)</a> from micro_interpreter.o(.text._ZN6tflite30MicroContextGetExternalContextEP13TfLiteContext25TfLiteExternalContextType) referenced 2 times from micro_interpreter.o(.text._ZN6tflite16MicroInterpreterC2EPKNS_5ModelERKNS_15MicroOpResolverEPNS_14MicroAllocatorEPNS_22MicroResourceVariablesEPNS_22MicroProfilerInterfaceE)
 <LI><a href="#[ba]">tflite::MicroContextAllocatePersistentBuffer(TfLiteContext*, unsigned int)</a> from micro_interpreter.o(.text._ZN6tflite36MicroContextAllocatePersistentBufferEP13TfLiteContextj) referenced 2 times from micro_interpreter.o(.text._ZN6tflite16MicroInterpreterC2EPKNS_5ModelERKNS_15MicroOpResolverEPNS_14MicroAllocatorEPNS_22MicroResourceVariablesEPNS_22MicroProfilerInterfaceE)
 <LI><a href="#[bb]">tflite::MicroContextRequestScratchBufferInArena(TfLiteContext*, unsigned int, int*)</a> from micro_interpreter.o(.text._ZN6tflite39MicroContextRequestScratchBufferInArenaEP13TfLiteContextjPi) referenced 2 times from micro_interpreter.o(.text._ZN6tflite16MicroInterpreterC2EPKNS_5ModelERKNS_15MicroOpResolverEPNS_14MicroAllocatorEPNS_22MicroResourceVariablesEPNS_22MicroProfilerInterfaceE)
 <LI><a href="#[db]">tflite::GreedyMemoryPlanner::preserves_all_tensors() const</a> from greedy_memory_planner.o(.text._ZNK6tflite19GreedyMemoryPlanner21preserves_all_tensorsEv) referenced from greedy_memory_planner.o(.rodata._ZTVN6tflite19GreedyMemoryPlannerE)
 <LI><a href="#[e5]">tflite::LinearMemoryPlanner::preserves_all_tensors() const</a> from linear_memory_planner.o(.text._ZNK6tflite19LinearMemoryPlanner21preserves_all_tensorsEv) referenced from linear_memory_planner.o(.rodata._ZTVN6tflite19LinearMemoryPlannerE)
 <LI><a href="#[aa]">tflite::MicroMutableOpResolver&lang;2u&rang;::GetOpDataParser(tflite::BuiltinOperator) const</a> from main.o(.text._ZNK6tflite22MicroMutableOpResolverILj2EE15GetOpDataParserENS_15BuiltinOperatorE) referenced from main.o(.rodata._ZTVN6tflite22MicroMutableOpResolverILj2EEE)
 <LI><a href="#[a8]">tflite::MicroMutableOpResolver&lang;2u&rang;::FindOp(tflite::BuiltinOperator) const</a> from main.o(.text._ZNK6tflite22MicroMutableOpResolverILj2EE6FindOpENS_15BuiltinOperatorE) referenced from main.o(.rodata._ZTVN6tflite22MicroMutableOpResolverILj2EEE)
 <LI><a href="#[a9]">tflite::MicroMutableOpResolver&lang;2u&rang;::FindOp(char const*) const</a> from main.o(.text._ZNK6tflite22MicroMutableOpResolverILj2EE6FindOpEPKc) referenced from main.o(.rodata._ZTVN6tflite22MicroMutableOpResolverILj2EEE)
 <LI><a href="#[10e]">tflite::SingleArenaBufferAllocator::GetAvailableMemory(unsigned int) const</a> from single_arena_buffer_allocator.o(.text._ZNK6tflite26SingleArenaBufferAllocator18GetAvailableMemoryEj) referenced from single_arena_buffer_allocator.o(.rodata._ZTVN6tflite26SingleArenaBufferAllocatorE)
 <LI><a href="#[110]">tflite::SingleArenaBufferAllocator::GetPersistentUsedBytes() const</a> from single_arena_buffer_allocator.o(.text._ZNK6tflite26SingleArenaBufferAllocator22GetPersistentUsedBytesEv) referenced from single_arena_buffer_allocator.o(.rodata._ZTVN6tflite26SingleArenaBufferAllocatorE)
 <LI><a href="#[10b]">tflite::SingleArenaBufferAllocator::GetOverlayMemoryAddress() const</a> from single_arena_buffer_allocator.o(.text._ZNK6tflite26SingleArenaBufferAllocator23GetOverlayMemoryAddressEv) referenced from single_arena_buffer_allocator.o(.rodata._ZTVN6tflite26SingleArenaBufferAllocatorE)
 <LI><a href="#[10d]">tflite::SingleArenaBufferAllocator::GetNonPersistentUsedBytes() const</a> from single_arena_buffer_allocator.o(.text._ZNK6tflite26SingleArenaBufferAllocator25GetNonPersistentUsedBytesEv) referenced from single_arena_buffer_allocator.o(.rodata._ZTVN6tflite26SingleArenaBufferAllocatorE)
 <LI><a href="#[113]">non-virtual thunk to tflite::SingleArenaBufferAllocator::AllocatePersistentBuffer(unsigned int, unsigned int)</a> from single_arena_buffer_allocator.o(.text._ZThn4_N6tflite26SingleArenaBufferAllocator24AllocatePersistentBufferEjj) referenced from single_arena_buffer_allocator.o(.rodata._ZTVN6tflite26SingleArenaBufferAllocatorE)
 <LI><a href="#[112]">non-virtual thunk to tflite::SingleArenaBufferAllocator::~SingleArenaBufferAllocator__deallocating()</a> from single_arena_buffer_allocator.o(.text._ZThn4_N6tflite26SingleArenaBufferAllocatorD0Ev) referenced from single_arena_buffer_allocator.o(.rodata._ZTVN6tflite26SingleArenaBufferAllocatorE)
 <LI><a href="#[111]">non-virtual thunk to tflite::SingleArenaBufferAllocator::~SingleArenaBufferAllocator()</a> from single_arena_buffer_allocator.o(.text._ZThn4_N6tflite26SingleArenaBufferAllocatorD1Ev) referenced from single_arena_buffer_allocator.o(.rodata._ZTVN6tflite26SingleArenaBufferAllocatorE)
 <LI><a href="#[114]">non-virtual thunk to tflite::SingleArenaBufferAllocator::GetPersistentUsedBytes() const</a> from single_arena_buffer_allocator.o(.text._ZThn4_NK6tflite26SingleArenaBufferAllocator22GetPersistentUsedBytesEv) referenced from single_arena_buffer_allocator.o(.rodata._ZTVN6tflite26SingleArenaBufferAllocatorE)
 <LI><a href="#[a7]">__cxa_pure_virtual</a> from cxa_virtual.cpp.o(.text.__cxa_pure_virtual) referenced 2 times from model.o(.rodata._ZTVN3arm3app5ModelE)
 <LI><a href="#[99]">__cxx_global_array_dtor</a> from main.o(.text.__cxx_global_array_dtor) referenced 2 times from main.o(.text._GLOBAL__sub_I_main.cpp)
 <LI><a href="#[96]">_get_lc_ctype</a> from lc_ctype_c.o(locale$$code) referenced from rt_ctype_table.o(.text)
 <LI><a href="#[94]">_printf_input_char</a> from _printf_char_common.o(.text) referenced from _printf_char_common.o(.text)
 <LI><a href="#[92]">_snputc</a> from _snputc.o(.text) referenced 2 times from vsnprintf.o(.text)
 <LI><a href="#[93]">_sputc</a> from _sputc.o(.text) referenced from __2sprintf.o(.text)
 <LI><a href="#[95]">fputc</a> from fputc.o(i.fputc) referenced from _printf_char_file.o(.text)
 <LI><a href="#[1]">fsa506_init</a> from lcd_fsa506.o(.text.fsa506_init) referenced 2 times from lcd_fsa506.o(.data.g_s_WQVGA_FSA506)
 <LI><a href="#[6]">fsa506_put_char8x16</a> from lcd_fsa506.o(.text.fsa506_put_char8x16) referenced 2 times from lcd_fsa506.o(.data.g_s_WQVGA_FSA506)
 <LI><a href="#[5]">fsa506_send_pixels</a> from lcd_fsa506.o(.text.fsa506_send_pixels) referenced 2 times from lcd_fsa506.o(.data.g_s_WQVGA_FSA506)
 <LI><a href="#[3]">fsa506_set_column</a> from lcd_fsa506.o(.text.fsa506_set_column) referenced 2 times from lcd_fsa506.o(.data.g_s_WQVGA_FSA506)
 <LI><a href="#[4]">fsa506_set_page</a> from lcd_fsa506.o(.text.fsa506_set_page) referenced 2 times from lcd_fsa506.o(.data.g_s_WQVGA_FSA506)
 <LI><a href="#[2]">fsa506_write_reg</a> from lcd_fsa506.o(.text.fsa506_write_reg) referenced 2 times from lcd_fsa506.o(.data.g_s_WQVGA_FSA506)
 <LI><a href="#[9e]">prvIdleTask</a> from tasks.o(.text.prvIdleTask) referenced 2 times from tasks.o(.text.vTaskStartScheduler)
 <LI><a href="#[9d]">prvTaskExitError</a> from port.o(.text.prvTaskExitError) referenced 2 times from port.o(.text.pxPortInitialiseStack)
 <LI><a href="#[9f]">prvTimerTask</a> from timers.o(.text.prvTimerTask) referenced 2 times from timers.o(.text.xTimerCreateTimerTask)
 <LI><a href="#[98]">vPortSVCHandler_C</a> from port.o(.text.vPortSVCHandler_C) referenced from portasm.o(.text.SVC_Handler)
</UL>
<P>
<H3>
Global Symbols
</H3>
<P><STRONG><a name="[116]"></a>__main</STRONG> (Thumb, 8 bytes, Stack size 0 bytes, __main.o(!!!main))
<BR><BR>[Calls]<UL><LI><a href="#[119]">&gt;&gt;</a>&nbsp;&nbsp;&nbsp;__rt_entry
<LI><a href="#[118]">&gt;&gt;</a>&nbsp;&nbsp;&nbsp;__scatterload
</UL>
<BR>[Called By]<UL><LI><a href="#[1e6]">&gt;&gt;</a>&nbsp;&nbsp;&nbsp;Reset_Handler_Main
</UL>

<P><STRONG><a name="[118]"></a>__scatterload</STRONG> (Thumb, 0 bytes, Stack size unknown bytes, __scatter.o(!!!scatter))
<BR><BR>[Called By]<UL><LI><a href="#[116]">&gt;&gt;</a>&nbsp;&nbsp;&nbsp;__main
</UL>

<P><STRONG><a name="[11a]"></a>__scatterload_rt2</STRONG> (Thumb, 84 bytes, Stack size unknown bytes, __scatter.o(!!!scatter), UNUSED)
<BR><BR>[Calls]<UL><LI><a href="#[119]">&gt;&gt;</a>&nbsp;&nbsp;&nbsp;__rt_entry
</UL>

<P><STRONG><a name="[2ea]"></a>__scatterload_rt2_thumb_only</STRONG> (Thumb, 0 bytes, Stack size unknown bytes, __scatter.o(!!!scatter), UNUSED)

<P><STRONG><a name="[2eb]"></a>__scatterload_loop</STRONG> (Thumb, 0 bytes, Stack size unknown bytes, __scatter.o(!!!scatter), UNUSED)

<P><STRONG><a name="[2ec]"></a>__decompress</STRONG> (Thumb, 90 bytes, Stack size unknown bytes, __dczerorl2.o(!!dczerorl2), UNUSED)

<P><STRONG><a name="[2ed]"></a>__decompress1</STRONG> (Thumb, 0 bytes, Stack size unknown bytes, __dczerorl2.o(!!dczerorl2), UNUSED)

<P><STRONG><a name="[2ee]"></a>__scatterload_null</STRONG> (Thumb, 2 bytes, Stack size unknown bytes, __scatter.o(!!handler_null), UNUSED)

<P><STRONG><a name="[2ef]"></a>__scatterload_zeroinit</STRONG> (Thumb, 28 bytes, Stack size unknown bytes, __scatter_zi.o(!!handler_zi), UNUSED)

<P><STRONG><a name="[11b]"></a>_printf_n</STRONG> (Thumb, 0 bytes, Stack size unknown bytes, _printf_n.o(.ARM.Collect$$_printf_percent$$00000001))
<BR><BR>[Calls]<UL><LI><a href="#[11c]">&gt;&gt;</a>&nbsp;&nbsp;&nbsp;_printf_charcount
</UL>

<P><STRONG><a name="[16b]"></a>_printf_percent</STRONG> (Thumb, 0 bytes, Stack size unknown bytes, _printf_percent.o(.ARM.Collect$$_printf_percent$$00000000))
<BR><BR>[Called By]<UL><LI><a href="#[169]">&gt;&gt;</a>&nbsp;&nbsp;&nbsp;__printf
</UL>

<P><STRONG><a name="[11d]"></a>_printf_p</STRONG> (Thumb, 0 bytes, Stack size unknown bytes, _printf_p.o(.ARM.Collect$$_printf_percent$$00000002))
<BR><BR>[Stack]<UL><LI>Max Depth = 64 + Unknown Stack Size
<LI>Call Chain = _printf_p &rArr; _printf_hex_ptr &rArr; _printf_longlong_hex &rArr; _printf_int_common &rArr; _printf_post_padding
</UL>
<BR>[Calls]<UL><LI><a href="#[11e]">&gt;&gt;</a>&nbsp;&nbsp;&nbsp;_printf_hex_ptr
</UL>

<P><STRONG><a name="[11f]"></a>_printf_f</STRONG> (Thumb, 0 bytes, Stack size unknown bytes, _printf_f.o(.ARM.Collect$$_printf_percent$$00000003))
<BR><BR>[Stack]<UL><LI>Max Depth = 324 + Unknown Stack Size
<LI>Call Chain = _printf_f &rArr; _printf_fp_dec &rArr; _printf_fp_dec_real &rArr; _fp_digits &rArr; _btod_etento &rArr; _btod_emul &rArr; _e2e
</UL>
<BR>[Calls]<UL><LI><a href="#[120]">&gt;&gt;</a>&nbsp;&nbsp;&nbsp;_printf_fp_dec
</UL>

<P><STRONG><a name="[121]"></a>_printf_e</STRONG> (Thumb, 0 bytes, Stack size unknown bytes, _printf_e.o(.ARM.Collect$$_printf_percent$$00000004))
<BR><BR>[Stack]<UL><LI>Max Depth = 324 + Unknown Stack Size
<LI>Call Chain = _printf_e &rArr; _printf_fp_dec &rArr; _printf_fp_dec_real &rArr; _fp_digits &rArr; _btod_etento &rArr; _btod_emul &rArr; _e2e
</UL>
<BR>[Calls]<UL><LI><a href="#[120]">&gt;&gt;</a>&nbsp;&nbsp;&nbsp;_printf_fp_dec
</UL>

<P><STRONG><a name="[122]"></a>_printf_g</STRONG> (Thumb, 0 bytes, Stack size unknown bytes, _printf_g.o(.ARM.Collect$$_printf_percent$$00000005))
<BR><BR>[Stack]<UL><LI>Max Depth = 324 + Unknown Stack Size
<LI>Call Chain = _printf_g &rArr; _printf_fp_dec &rArr; _printf_fp_dec_real &rArr; _fp_digits &rArr; _btod_etento &rArr; _btod_emul &rArr; _e2e
</UL>
<BR>[Calls]<UL><LI><a href="#[120]">&gt;&gt;</a>&nbsp;&nbsp;&nbsp;_printf_fp_dec
</UL>

<P><STRONG><a name="[123]"></a>_printf_a</STRONG> (Thumb, 0 bytes, Stack size unknown bytes, _printf_a.o(.ARM.Collect$$_printf_percent$$00000006))
<BR><BR>[Stack]<UL><LI>Max Depth = 112 + Unknown Stack Size
<LI>Call Chain = _printf_a &rArr; _printf_fp_hex &rArr; _printf_fp_hex_real &rArr; _printf_fp_infnan &rArr; _printf_post_padding
</UL>
<BR>[Calls]<UL><LI><a href="#[124]">&gt;&gt;</a>&nbsp;&nbsp;&nbsp;_printf_fp_hex
</UL>

<P><STRONG><a name="[2f0]"></a>_printf_ll</STRONG> (Thumb, 0 bytes, Stack size unknown bytes, _printf_ll.o(.ARM.Collect$$_printf_percent$$00000007))

<P><STRONG><a name="[125]"></a>_printf_i</STRONG> (Thumb, 0 bytes, Stack size unknown bytes, _printf_i.o(.ARM.Collect$$_printf_percent$$00000008))
<BR><BR>[Stack]<UL><LI>Max Depth = 72 + Unknown Stack Size
<LI>Call Chain = _printf_i &rArr; _printf_int_dec &rArr; _printf_int_common &rArr; _printf_post_padding
</UL>
<BR>[Calls]<UL><LI><a href="#[126]">&gt;&gt;</a>&nbsp;&nbsp;&nbsp;_printf_int_dec
</UL>

<P><STRONG><a name="[127]"></a>_printf_d</STRONG> (Thumb, 0 bytes, Stack size unknown bytes, _printf_d.o(.ARM.Collect$$_printf_percent$$00000009))
<BR><BR>[Stack]<UL><LI>Max Depth = 72 + Unknown Stack Size
<LI>Call Chain = _printf_d &rArr; _printf_int_dec &rArr; _printf_int_common &rArr; _printf_post_padding
</UL>
<BR>[Calls]<UL><LI><a href="#[126]">&gt;&gt;</a>&nbsp;&nbsp;&nbsp;_printf_int_dec
</UL>

<P><STRONG><a name="[128]"></a>_printf_u</STRONG> (Thumb, 0 bytes, Stack size unknown bytes, _printf_u.o(.ARM.Collect$$_printf_percent$$0000000A))
<BR><BR>[Stack]<UL><LI>Max Depth = 72 + Unknown Stack Size
<LI>Call Chain = _printf_u &rArr; _printf_int_dec &rArr; _printf_int_common &rArr; _printf_post_padding
</UL>
<BR>[Calls]<UL><LI><a href="#[126]">&gt;&gt;</a>&nbsp;&nbsp;&nbsp;_printf_int_dec
</UL>

<P><STRONG><a name="[129]"></a>_printf_o</STRONG> (Thumb, 0 bytes, Stack size unknown bytes, _printf_o.o(.ARM.Collect$$_printf_percent$$0000000B))
<BR><BR>[Stack]<UL><LI>Max Depth = 64 + Unknown Stack Size
<LI>Call Chain = _printf_o &rArr; _printf_int_oct &rArr; _printf_longlong_oct &rArr; _printf_int_common &rArr; _printf_post_padding
</UL>
<BR>[Calls]<UL><LI><a href="#[12a]">&gt;&gt;</a>&nbsp;&nbsp;&nbsp;_printf_int_oct
</UL>

<P><STRONG><a name="[12b]"></a>_printf_x</STRONG> (Thumb, 0 bytes, Stack size unknown bytes, _printf_x.o(.ARM.Collect$$_printf_percent$$0000000C))
<BR><BR>[Stack]<UL><LI>Max Depth = 80 + Unknown Stack Size
<LI>Call Chain = _printf_x &rArr; _printf_int_hex &rArr; _printf_longlong_hex &rArr; _printf_int_common &rArr; _printf_post_padding
</UL>
<BR>[Calls]<UL><LI><a href="#[12c]">&gt;&gt;</a>&nbsp;&nbsp;&nbsp;_printf_int_hex
</UL>

<P><STRONG><a name="[12d]"></a>_printf_lli</STRONG> (Thumb, 0 bytes, Stack size unknown bytes, _printf_lli.o(.ARM.Collect$$_printf_percent$$0000000D))
<BR><BR>[Stack]<UL><LI>Max Depth = 72 + Unknown Stack Size
<LI>Call Chain = _printf_lli &rArr; _printf_longlong_dec &rArr; _printf_int_common &rArr; _printf_post_padding
</UL>
<BR>[Calls]<UL><LI><a href="#[12e]">&gt;&gt;</a>&nbsp;&nbsp;&nbsp;_printf_longlong_dec
</UL>

<P><STRONG><a name="[12f]"></a>_printf_lld</STRONG> (Thumb, 0 bytes, Stack size unknown bytes, _printf_lld.o(.ARM.Collect$$_printf_percent$$0000000E))
<BR><BR>[Stack]<UL><LI>Max Depth = 72 + Unknown Stack Size
<LI>Call Chain = _printf_lld &rArr; _printf_longlong_dec &rArr; _printf_int_common &rArr; _printf_post_padding
</UL>
<BR>[Calls]<UL><LI><a href="#[12e]">&gt;&gt;</a>&nbsp;&nbsp;&nbsp;_printf_longlong_dec
</UL>

<P><STRONG><a name="[130]"></a>_printf_llu</STRONG> (Thumb, 0 bytes, Stack size unknown bytes, _printf_llu.o(.ARM.Collect$$_printf_percent$$0000000F))
<BR><BR>[Stack]<UL><LI>Max Depth = 72 + Unknown Stack Size
<LI>Call Chain = _printf_llu &rArr; _printf_longlong_dec &rArr; _printf_int_common &rArr; _printf_post_padding
</UL>
<BR>[Calls]<UL><LI><a href="#[12e]">&gt;&gt;</a>&nbsp;&nbsp;&nbsp;_printf_longlong_dec
</UL>

<P><STRONG><a name="[131]"></a>_printf_llo</STRONG> (Thumb, 0 bytes, Stack size unknown bytes, _printf_llo.o(.ARM.Collect$$_printf_percent$$00000010))
<BR><BR>[Stack]<UL><LI>Max Depth = 56 + Unknown Stack Size
<LI>Call Chain = _printf_llo &rArr; _printf_ll_oct &rArr; _printf_longlong_oct &rArr; _printf_int_common &rArr; _printf_post_padding
</UL>
<BR>[Calls]<UL><LI><a href="#[132]">&gt;&gt;</a>&nbsp;&nbsp;&nbsp;_printf_ll_oct
</UL>

<P><STRONG><a name="[133]"></a>_printf_llx</STRONG> (Thumb, 0 bytes, Stack size unknown bytes, _printf_llx.o(.ARM.Collect$$_printf_percent$$00000011))
<BR><BR>[Stack]<UL><LI>Max Depth = 64 + Unknown Stack Size
<LI>Call Chain = _printf_llx &rArr; _printf_ll_hex &rArr; _printf_longlong_hex &rArr; _printf_int_common &rArr; _printf_post_padding
</UL>
<BR>[Calls]<UL><LI><a href="#[134]">&gt;&gt;</a>&nbsp;&nbsp;&nbsp;_printf_ll_hex
</UL>

<P><STRONG><a name="[2f1]"></a>_printf_l</STRONG> (Thumb, 0 bytes, Stack size unknown bytes, _printf_l.o(.ARM.Collect$$_printf_percent$$00000012))

<P><STRONG><a name="[135]"></a>_printf_c</STRONG> (Thumb, 0 bytes, Stack size unknown bytes, _printf_c.o(.ARM.Collect$$_printf_percent$$00000013))
<BR><BR>[Stack]<UL><LI>Max Depth = 40 + Unknown Stack Size
<LI>Call Chain = _printf_c &rArr; _printf_char &rArr; _printf_cs_common &rArr; _printf_str &rArr; _printf_post_padding
</UL>
<BR>[Calls]<UL><LI><a href="#[136]">&gt;&gt;</a>&nbsp;&nbsp;&nbsp;_printf_char
</UL>

<P><STRONG><a name="[137]"></a>_printf_s</STRONG> (Thumb, 0 bytes, Stack size unknown bytes, _printf_s.o(.ARM.Collect$$_printf_percent$$00000014))
<BR><BR>[Stack]<UL><LI>Max Depth = 40 + Unknown Stack Size
<LI>Call Chain = _printf_s &rArr; _printf_string &rArr; _printf_cs_common &rArr; _printf_str &rArr; _printf_post_padding
</UL>
<BR>[Calls]<UL><LI><a href="#[138]">&gt;&gt;</a>&nbsp;&nbsp;&nbsp;_printf_string
</UL>

<P><STRONG><a name="[139]"></a>_printf_lc</STRONG> (Thumb, 0 bytes, Stack size unknown bytes, _printf_lc.o(.ARM.Collect$$_printf_percent$$00000015))
<BR><BR>[Stack]<UL><LI>Max Depth = 88 + Unknown Stack Size
<LI>Call Chain = _printf_lc &rArr; _printf_wchar &rArr; _printf_lcs_common &rArr; _printf_wctomb &rArr; _wcrtomb
</UL>
<BR>[Calls]<UL><LI><a href="#[13a]">&gt;&gt;</a>&nbsp;&nbsp;&nbsp;_printf_wchar
</UL>

<P><STRONG><a name="[13b]"></a>_printf_ls</STRONG> (Thumb, 0 bytes, Stack size unknown bytes, _printf_ls.o(.ARM.Collect$$_printf_percent$$00000016))
<BR><BR>[Stack]<UL><LI>Max Depth = 88 + Unknown Stack Size
<LI>Call Chain = _printf_ls &rArr; _printf_wstring &rArr; _printf_lcs_common &rArr; _printf_wctomb &rArr; _wcrtomb
</UL>
<BR>[Calls]<UL><LI><a href="#[13c]">&gt;&gt;</a>&nbsp;&nbsp;&nbsp;_printf_wstring
</UL>

<P><STRONG><a name="[2f2]"></a>_printf_percent_end</STRONG> (Thumb, 0 bytes, Stack size unknown bytes, _printf_percent_end.o(.ARM.Collect$$_printf_percent$$00000017))

<P><STRONG><a name="[14e]"></a>__rt_lib_init</STRONG> (Thumb, 0 bytes, Stack size unknown bytes, libinit.o(.ARM.Collect$$libinit$$00000000))
<BR><BR>[Called By]<UL><LI><a href="#[14d]">&gt;&gt;</a>&nbsp;&nbsp;&nbsp;__rt_entry_li
</UL>

<P><STRONG><a name="[13d]"></a>__rt_lib_init_fp_1</STRONG> (Thumb, 0 bytes, Stack size unknown bytes, libinit2.o(.ARM.Collect$$libinit$$00000001))
<BR><BR>[Calls]<UL><LI><a href="#[13e]">&gt;&gt;</a>&nbsp;&nbsp;&nbsp;_fp_init
</UL>

<P><STRONG><a name="[13f]"></a>__rt_lib_init_heap_2</STRONG> (Thumb, 0 bytes, Stack size unknown bytes, libinit5.o(.ARM.Collect$$libinit$$0000000A))
<BR><BR>[Stack]<UL><LI>Max Depth = 232 + Unknown Stack Size
<LI>Call Chain = __rt_lib_init_heap_2 &rArr; _init_alloc &rArr; __rt_SIGRTMEM &rArr; __sig_exit &rArr; _sys_exit &rArr; __2snprintf &rArr; _printf_char_common &rArr; __printf
</UL>
<BR>[Calls]<UL><LI><a href="#[140]">&gt;&gt;</a>&nbsp;&nbsp;&nbsp;_init_alloc
</UL>

<P><STRONG><a name="[2f3]"></a>__rt_lib_init_preinit_1</STRONG> (Thumb, 0 bytes, Stack size unknown bytes, libinit2.o(.ARM.Collect$$libinit$$00000006))

<P><STRONG><a name="[2f4]"></a>__rt_lib_init_relocate_pie_1</STRONG> (Thumb, 0 bytes, Stack size unknown bytes, libinit2.o(.ARM.Collect$$libinit$$00000004))

<P><STRONG><a name="[2f5]"></a>__rt_lib_init_heap_1</STRONG> (Thumb, 0 bytes, Stack size unknown bytes, libinit2.o(.ARM.Collect$$libinit$$0000000C))

<P><STRONG><a name="[141]"></a>__rt_lib_init_lc_common</STRONG> (Thumb, 0 bytes, Stack size unknown bytes, libinit2.o(.ARM.Collect$$libinit$$00000011))
<BR><BR>[Calls]<UL><LI><a href="#[142]">&gt;&gt;</a>&nbsp;&nbsp;&nbsp;__rt_locale
</UL>

<P><STRONG><a name="[2f6]"></a>__rt_lib_init_rand_1</STRONG> (Thumb, 0 bytes, Stack size unknown bytes, libinit2.o(.ARM.Collect$$libinit$$00000010))

<P><STRONG><a name="[2f7]"></a>__rt_lib_init_user_alloc_1</STRONG> (Thumb, 0 bytes, Stack size unknown bytes, libinit2.o(.ARM.Collect$$libinit$$0000000E))

<P><STRONG><a name="[2f8]"></a>__rt_lib_init_lc_collate_1</STRONG> (Thumb, 0 bytes, Stack size unknown bytes, libinit2.o(.ARM.Collect$$libinit$$00000013))

<P><STRONG><a name="[143]"></a>__rt_lib_init_lc_ctype_2</STRONG> (Thumb, 0 bytes, Stack size unknown bytes, libinit2.o(.ARM.Collect$$libinit$$00000014))
<BR><BR>[Stack]<UL><LI>Max Depth = 16 + Unknown Stack Size
<LI>Call Chain = __rt_lib_init_lc_ctype_2 &rArr; _get_lc_ctype &rArr; strcmp
</UL>
<BR>[Calls]<UL><LI><a href="#[96]">&gt;&gt;</a>&nbsp;&nbsp;&nbsp;_get_lc_ctype
</UL>

<P><STRONG><a name="[2f9]"></a>__rt_lib_init_lc_ctype_1</STRONG> (Thumb, 0 bytes, Stack size unknown bytes, libinit2.o(.ARM.Collect$$libinit$$00000015))

<P><STRONG><a name="[2fa]"></a>__rt_lib_init_lc_monetary_1</STRONG> (Thumb, 0 bytes, Stack size unknown bytes, libinit2.o(.ARM.Collect$$libinit$$00000017))

<P><STRONG><a name="[144]"></a>__rt_lib_init_lc_numeric_2</STRONG> (Thumb, 0 bytes, Stack size unknown bytes, libinit2.o(.ARM.Collect$$libinit$$00000018))
<BR><BR>[Stack]<UL><LI>Max Depth = 16 + Unknown Stack Size
<LI>Call Chain = __rt_lib_init_lc_numeric_2 &rArr; _get_lc_numeric &rArr; strcmp
</UL>
<BR>[Calls]<UL><LI><a href="#[145]">&gt;&gt;</a>&nbsp;&nbsp;&nbsp;_get_lc_numeric
</UL>

<P><STRONG><a name="[2fb]"></a>__rt_lib_init_atexit_1</STRONG> (Thumb, 0 bytes, Stack size unknown bytes, libinit2.o(.ARM.Collect$$libinit$$0000001D))

<P><STRONG><a name="[2fc]"></a>__rt_lib_init_clock_1</STRONG> (Thumb, 0 bytes, Stack size unknown bytes, libinit2.o(.ARM.Collect$$libinit$$00000023))

<P><STRONG><a name="[2fd]"></a>__rt_lib_init_fp_trap_1</STRONG> (Thumb, 0 bytes, Stack size unknown bytes, libinit2.o(.ARM.Collect$$libinit$$00000021))

<P><STRONG><a name="[2fe]"></a>__rt_lib_init_getenv_1</STRONG> (Thumb, 0 bytes, Stack size unknown bytes, libinit2.o(.ARM.Collect$$libinit$$00000025))

<P><STRONG><a name="[2ff]"></a>__rt_lib_init_lc_numeric_1</STRONG> (Thumb, 0 bytes, Stack size unknown bytes, libinit2.o(.ARM.Collect$$libinit$$00000019))

<P><STRONG><a name="[300]"></a>__rt_lib_init_lc_time_1</STRONG> (Thumb, 0 bytes, Stack size unknown bytes, libinit2.o(.ARM.Collect$$libinit$$0000001B))

<P><STRONG><a name="[301]"></a>__rt_lib_init_signal_1</STRONG> (Thumb, 0 bytes, Stack size unknown bytes, libinit2.o(.ARM.Collect$$libinit$$0000001F))

<P><STRONG><a name="[146]"></a>__rt_lib_init_stdio_2</STRONG> (Thumb, 0 bytes, Stack size unknown bytes, libinit2.o(.ARM.Collect$$libinit$$00000026))
<BR><BR>[Stack]<UL><LI>Max Depth = 216 + Unknown Stack Size
<LI>Call Chain = __rt_lib_init_stdio_2 &rArr; _initio &rArr; __rt_SIGRTRED &rArr; __sig_exit &rArr; _sys_exit &rArr; __2snprintf &rArr; _printf_char_common &rArr; __printf
</UL>
<BR>[Calls]<UL><LI><a href="#[147]">&gt;&gt;</a>&nbsp;&nbsp;&nbsp;_initio
</UL>

<P><STRONG><a name="[302]"></a>__rt_lib_init_alloca_1</STRONG> (Thumb, 0 bytes, Stack size unknown bytes, libinit2.o(.ARM.Collect$$libinit$$00000030))

<P><STRONG><a name="[303]"></a>__rt_lib_init_argv_1</STRONG> (Thumb, 0 bytes, Stack size unknown bytes, libinit2.o(.ARM.Collect$$libinit$$0000002E))

<P><STRONG><a name="[148]"></a>__rt_lib_init_cpp_2</STRONG> (Thumb, 0 bytes, Stack size unknown bytes, libinit2.o(.ARM.Collect$$libinit$$00000033))
<BR><BR>[Stack]<UL><LI>Max Depth = 24 + Unknown Stack Size
<LI>Call Chain = __rt_lib_init_cpp_2 &rArr; __cpp_initialize__aeabi_
</UL>
<BR>[Calls]<UL><LI><a href="#[117]">&gt;&gt;</a>&nbsp;&nbsp;&nbsp;__cpp_initialize__aeabi_
</UL>

<P><STRONG><a name="[304]"></a>__rt_lib_init_exceptions_1</STRONG> (Thumb, 0 bytes, Stack size unknown bytes, libinit2.o(.ARM.Collect$$libinit$$00000032))

<P><STRONG><a name="[305]"></a>__rt_lib_init_stdio_1</STRONG> (Thumb, 0 bytes, Stack size unknown bytes, libinit2.o(.ARM.Collect$$libinit$$00000027))

<P><STRONG><a name="[306]"></a>__rt_lib_init_cpp_1</STRONG> (Thumb, 0 bytes, Stack size unknown bytes, libinit2.o(.ARM.Collect$$libinit$$00000034))

<P><STRONG><a name="[307]"></a>__rt_lib_init_return</STRONG> (Thumb, 0 bytes, Stack size unknown bytes, libinit2.o(.ARM.Collect$$libinit$$00000035))

<P><STRONG><a name="[153]"></a>__rt_lib_shutdown</STRONG> (Thumb, 0 bytes, Stack size unknown bytes, libshutdown.o(.ARM.Collect$$libshutdown$$00000000))
<BR><BR>[Called By]<UL><LI><a href="#[16f]">&gt;&gt;</a>&nbsp;&nbsp;&nbsp;abort
<LI><a href="#[152]">&gt;&gt;</a>&nbsp;&nbsp;&nbsp;__rt_exit_ls
</UL>

<P><STRONG><a name="[149]"></a>__rt_lib_shutdown_cpp_2</STRONG> (Thumb, 0 bytes, Stack size unknown bytes, libshutdown2.o(.ARM.Collect$$libshutdown$$00000001))
<BR><BR>[Stack]<UL><LI>Max Depth = 40 + Unknown Stack Size
<LI>Call Chain = __rt_lib_shutdown_cpp_2 &rArr; __cxa_finalize &rArr; free
</UL>
<BR>[Calls]<UL><LI><a href="#[14a]">&gt;&gt;</a>&nbsp;&nbsp;&nbsp;__cxa_finalize
</UL>

<P><STRONG><a name="[308]"></a>__rt_lib_shutdown_cpp_1</STRONG> (Thumb, 0 bytes, Stack size unknown bytes, libshutdown2.o(.ARM.Collect$$libshutdown$$00000002))

<P><STRONG><a name="[14b]"></a>__rt_lib_shutdown_stdio_2</STRONG> (Thumb, 0 bytes, Stack size unknown bytes, libshutdown2.o(.ARM.Collect$$libshutdown$$00000003))
<BR><BR>[Stack]<UL><LI>Max Depth = 128 + Unknown Stack Size
<LI>Call Chain = __rt_lib_shutdown_stdio_2 &rArr; _terminateio &rArr; _fclose_internal &rArr; _fflush &rArr; _writebuf &rArr; _sys_write
</UL>
<BR>[Calls]<UL><LI><a href="#[14c]">&gt;&gt;</a>&nbsp;&nbsp;&nbsp;_terminateio
</UL>

<P><STRONG><a name="[309]"></a>__rt_lib_shutdown_fp_trap_1</STRONG> (Thumb, 0 bytes, Stack size unknown bytes, libshutdown2.o(.ARM.Collect$$libshutdown$$00000007))

<P><STRONG><a name="[30a]"></a>__rt_lib_shutdown_heap_1</STRONG> (Thumb, 0 bytes, Stack size unknown bytes, libshutdown2.o(.ARM.Collect$$libshutdown$$0000000F))

<P><STRONG><a name="[30b]"></a>__rt_lib_shutdown_return</STRONG> (Thumb, 0 bytes, Stack size unknown bytes, libshutdown2.o(.ARM.Collect$$libshutdown$$00000010))

<P><STRONG><a name="[30c]"></a>__rt_lib_shutdown_signal_1</STRONG> (Thumb, 0 bytes, Stack size unknown bytes, libshutdown2.o(.ARM.Collect$$libshutdown$$0000000A))

<P><STRONG><a name="[30d]"></a>__rt_lib_shutdown_stdio_1</STRONG> (Thumb, 0 bytes, Stack size unknown bytes, libshutdown2.o(.ARM.Collect$$libshutdown$$00000004))

<P><STRONG><a name="[30e]"></a>__rt_lib_shutdown_user_alloc_1</STRONG> (Thumb, 0 bytes, Stack size unknown bytes, libshutdown2.o(.ARM.Collect$$libshutdown$$0000000C))

<P><STRONG><a name="[119]"></a>__rt_entry</STRONG> (Thumb, 0 bytes, Stack size unknown bytes, __rtentry.o(.ARM.Collect$$rtentry$$00000000))
<BR><BR>[Called By]<UL><LI><a href="#[116]">&gt;&gt;</a>&nbsp;&nbsp;&nbsp;__main
<LI><a href="#[11a]">&gt;&gt;</a>&nbsp;&nbsp;&nbsp;__scatterload_rt2
</UL>

<P><STRONG><a name="[30f]"></a>__rt_entry_presh_1</STRONG> (Thumb, 0 bytes, Stack size unknown bytes, __rtentry2.o(.ARM.Collect$$rtentry$$00000002))

<P><STRONG><a name="[310]"></a>__rt_entry_sh</STRONG> (Thumb, 0 bytes, Stack size unknown bytes, __rtentry7.o(.ARM.Collect$$rtentry$$00000007))

<P><STRONG><a name="[14d]"></a>__rt_entry_li</STRONG> (Thumb, 0 bytes, Stack size unknown bytes, __rtentry2.o(.ARM.Collect$$rtentry$$0000000A))
<BR><BR>[Calls]<UL><LI><a href="#[14e]">&gt;&gt;</a>&nbsp;&nbsp;&nbsp;__rt_lib_init
</UL>

<P><STRONG><a name="[311]"></a>__rt_entry_postsh_1</STRONG> (Thumb, 0 bytes, Stack size unknown bytes, __rtentry2.o(.ARM.Collect$$rtentry$$00000009))

<P><STRONG><a name="[14f]"></a>__rt_entry_main</STRONG> (Thumb, 0 bytes, Stack size unknown bytes, __rtentry2.o(.ARM.Collect$$rtentry$$0000000D))
<BR><BR>[Stack]<UL><LI>Max Depth = 344 + Unknown Stack Size
<LI>Call Chain = __rt_entry_main &rArr; main &rArr; BoardInit() &rArr; arm_ethosu_npu_init &rArr; ethosu_get_hw_info &rArr; __aeabi_assert &rArr; abort &rArr; __rt_SIGABRT &rArr; __sig_exit &rArr; _sys_exit &rArr; __2snprintf &rArr; _printf_char_common &rArr; __printf
</UL>
<BR>[Calls]<UL><LI><a href="#[150]">&gt;&gt;</a>&nbsp;&nbsp;&nbsp;main
<LI><a href="#[151]">&gt;&gt;</a>&nbsp;&nbsp;&nbsp;exit
</UL>

<P><STRONG><a name="[312]"></a>__rt_entry_postli_1</STRONG> (Thumb, 0 bytes, Stack size unknown bytes, __rtentry2.o(.ARM.Collect$$rtentry$$0000000C))

<P><STRONG><a name="[1b6]"></a>__rt_exit</STRONG> (Thumb, 0 bytes, Stack size unknown bytes, rtexit.o(.ARM.Collect$$rtexit$$00000000))
<BR><BR>[Called By]<UL><LI><a href="#[151]">&gt;&gt;</a>&nbsp;&nbsp;&nbsp;exit
</UL>

<P><STRONG><a name="[152]"></a>__rt_exit_ls</STRONG> (Thumb, 0 bytes, Stack size unknown bytes, rtexit2.o(.ARM.Collect$$rtexit$$00000003))
<BR><BR>[Calls]<UL><LI><a href="#[153]">&gt;&gt;</a>&nbsp;&nbsp;&nbsp;__rt_lib_shutdown
</UL>

<P><STRONG><a name="[313]"></a>__rt_exit_prels_1</STRONG> (Thumb, 0 bytes, Stack size unknown bytes, rtexit2.o(.ARM.Collect$$rtexit$$00000002))

<P><STRONG><a name="[154]"></a>__rt_exit_exit</STRONG> (Thumb, 0 bytes, Stack size unknown bytes, rtexit2.o(.ARM.Collect$$rtexit$$00000004))
<BR><BR>[Stack]<UL><LI>Max Depth = 200 + Unknown Stack Size
<LI>Call Chain = __rt_exit_exit &rArr; _sys_exit &rArr; __2snprintf &rArr; _printf_char_common &rArr; __printf
</UL>
<BR>[Calls]<UL><LI><a href="#[155]">&gt;&gt;</a>&nbsp;&nbsp;&nbsp;_sys_exit
</UL>

<P><STRONG><a name="[185]"></a>__aeabi_errno_addr</STRONG> (Thumb, 8 bytes, Stack size 0 bytes, rt_errno_addr_intlibspace.o(.text))
<BR><BR>[Called By]<UL><LI><a href="#[2a0]">&gt;&gt;</a>&nbsp;&nbsp;&nbsp;flexbuffers::Reference::AsInt64() const
<LI><a href="#[16d]">&gt;&gt;</a>&nbsp;&nbsp;&nbsp;__strtoll
[...]
</UL>

<P><STRONG><a name="[23a]"></a>std::__2::__forward_list_node&lang;arm::app::image::Detection, void*&rang;* std::__2::forward_list&lang;arm::app::image::Detection, std::__2::allocator&lang;arm::app::image::Detection&rang;&rang;::__sort&lang;arm::app::image::CalculateNMS(std::__2::forward_list&lang;arm::app::image::Detection, std::__2::allocator&lang;arm::app::image::Detection&rang;&rang;&, int, float)::$_0&rang;(std::__2::__forward_list_node&lang;arm::app::image::Detection, void*&rang;*, int, arm::app::image::CalculateNMS(std::__2::forward_list&lang;arm::app::image::Detection, std::__2::allocator&lang;arm::app::image::Detection&rang;&rang;&, int, float)::$_0&)</STRONG> (Thumb, 514 bytes, Stack size 24 bytes, imageutils.o(.text._ZNSt3__212forward_listIN3arm3app5image9DetectionENS_9allocatorIS4_EEE6__sortIZNS3_12CalculateNMSERS7_ifE3$_0EEPNS_19__forward_list_nodeIS4_PvEESE_iRT_))
<BR><BR>[Stack]<UL><LI>Max Depth = 24 + In Cycle
<LI>Call Chain = std::__2::__forward_list_node&lang;arm::app::image::Detection, void*&rang;* std::__2::forward_list&lang;arm::app::image::Detection, std::__2::allocator&lang;arm::app::image::Detection&rang;&rang;::__sort&lang;arm::app::image::CalculateNMS(std::__2::forward_list&lang;arm::app::image::Detection, std::__2::allocator&lang;arm::app::image::Detection&rang;&rang;&, int, float)::$_0&rang;(std::__2::__forward_list_node&lang;arm::app::image::Detection, void*&rang;*, int, arm::app::image::CalculateNMS(std::__2::forward_list&lang;arm::app::image::Detection, std::__2::allocator&lang;arm::app::image::Detection&rang;&rang;&, int, float)::$_0&) &rArr;  std::__2::__forward_list_node&lang;arm::app::image::Detection, void*&rang;* std::__2::forward_list&lang;arm::app::image::Detection, std::__2::allocator&lang;arm::app::image::Detection&rang;&rang;::__sort&lang;arm::app::image::CalculateNMS(std::__2::forward_list&lang;arm::app::image::Detection, std::__2::allocator&lang;arm::app::image::Detection&rang;&rang;&, int, float)::$_0&rang;(std::__2::__forward_list_node&lang;arm::app::image::Detection, void*&rang;*, int, arm::app::image::CalculateNMS(std::__2::forward_list&lang;arm::app::image::Detection, std::__2::allocator&lang;arm::app::image::Detection&rang;&rang;&, int, float)::$_0&) (Cycle)
</UL>
<BR>[Calls]<UL><LI><a href="#[23a]">&gt;&gt;</a>&nbsp;&nbsp;&nbsp;std::__2::__forward_list_node&lang;arm::app::image::Detection, void*&rang;* std::__2::forward_list&lang;arm::app::image::Detection, std::__2::allocator&lang;arm::app::image::Detection&rang;&rang;::__sort&lang;arm::app::image::CalculateNMS(std::__2::forward_list&lang;arm::app::image::Detection, std::__2::allocator&lang;arm::app::image::Detection&rang;&rang;&, int, float)::$_0&rang;(std::__2::__forward_list_node&lang;arm::app::image::Detection, void*&rang;*, int, arm::app::image::CalculateNMS(std::__2::forward_list&lang;arm::app::image::Detection, std::__2::allocator&lang;arm::app::image::Detection&rang;&rang;&, int, float)::$_0&)
</UL>
<BR>[Called By]<UL><LI><a href="#[229]">&gt;&gt;</a>&nbsp;&nbsp;&nbsp;arm::app::image::CalculateNMS(std::__2::forward_list&lang;arm::app::image::Detection, std::__2::allocator&lang;arm::app::image::Detection&rang;&rang;&, int, float)
<LI><a href="#[23a]">&gt;&gt;</a>&nbsp;&nbsp;&nbsp;std::__2::__forward_list_node&lang;arm::app::image::Detection, void*&rang;* std::__2::forward_list&lang;arm::app::image::Detection, std::__2::allocator&lang;arm::app::image::Detection&rang;&rang;::__sort&lang;arm::app::image::CalculateNMS(std::__2::forward_list&lang;arm::app::image::Detection, std::__2::allocator&lang;arm::app::image::Detection&rang;&rang;&, int, float)::$_0&rang;(std::__2::__forward_list_node&lang;arm::app::image::Detection, void*&rang;*, int, arm::app::image::CalculateNMS(std::__2::forward_list&lang;arm::app::image::Detection, std::__2::allocator&lang;arm::app::image::Detection&rang;&rang;&, int, float)::$_0&)
</UL>

<P><STRONG><a name="[97]"></a>Delay</STRONG> (Thumb, 466 bytes, Stack size 4 bytes, sensor_hm1055.o(.text.Delay))
<BR><BR>[Stack]<UL><LI>Max Depth = 4<LI>Call Chain = Delay
</UL>
<BR>[Address Reference Count : 1]<UL><LI> sensor_hm1055.o(.text.InitHM1055_VGA_YUV422)
</UL>
<P><STRONG><a name="[3]"></a>fsa506_set_column</STRONG> (Thumb, 178 bytes, Stack size 16 bytes, lcd_fsa506.o(.text.fsa506_set_column))
<BR><BR>[Stack]<UL><LI>Max Depth = 16<LI>Call Chain = fsa506_set_column
</UL>
<BR>[Address Reference Count : 1]<UL><LI> lcd_fsa506.o(.data.g_s_WQVGA_FSA506)
</UL>
<P><STRONG><a name="[4]"></a>fsa506_set_page</STRONG> (Thumb, 178 bytes, Stack size 16 bytes, lcd_fsa506.o(.text.fsa506_set_page))
<BR><BR>[Stack]<UL><LI>Max Depth = 16<LI>Call Chain = fsa506_set_page
</UL>
<BR>[Address Reference Count : 1]<UL><LI> lcd_fsa506.o(.data.g_s_WQVGA_FSA506)
</UL>
<P><STRONG><a name="[1]"></a>fsa506_init</STRONG> (Thumb, 1364 bytes, Stack size 32 bytes, lcd_fsa506.o(.text.fsa506_init))
<BR><BR>[Stack]<UL><LI>Max Depth = 48<LI>Call Chain = fsa506_init &rArr; Display_Delay
</UL>
<BR>[Calls]<UL><LI><a href="#[1bf]">&gt;&gt;</a>&nbsp;&nbsp;&nbsp;Display_Delay
</UL>
<BR>[Address Reference Count : 1]<UL><LI> lcd_fsa506.o(.data.g_s_WQVGA_FSA506)
</UL>
<P><STRONG><a name="[2]"></a>fsa506_write_reg</STRONG> (Thumb, 56 bytes, Stack size 0 bytes, lcd_fsa506.o(.text.fsa506_write_reg))
<BR>[Address Reference Count : 1]<UL><LI> lcd_fsa506.o(.data.g_s_WQVGA_FSA506)
</UL>
<P><STRONG><a name="[5]"></a>fsa506_send_pixels</STRONG> (Thumb, 218 bytes, Stack size 28 bytes, lcd_fsa506.o(.text.fsa506_send_pixels))
<BR><BR>[Stack]<UL><LI>Max Depth = 28<LI>Call Chain = fsa506_send_pixels
</UL>
<BR>[Address Reference Count : 1]<UL><LI> lcd_fsa506.o(.data.g_s_WQVGA_FSA506)
</UL>
<P><STRONG><a name="[b3]"></a>tflite::(anonymous namespace)::Init(TfLiteContext*, char const*, unsigned int)</STRONG> (Thumb, 6 bytes, Stack size 0 bytes, ethosu.o(.text._ZN6tflite12_GLOBAL__N_14InitEP13TfLiteContextPKcj))
<BR>[Address Reference Count : 1]<UL><LI> ethosu.o(.text._ZN6tflite15Register_ETHOSUEv)
</UL>
<P><STRONG><a name="[b4]"></a>tflite::(anonymous namespace)::Prepare(TfLiteContext*, TfLiteNode*)</STRONG> (Thumb, 148 bytes, Stack size 24 bytes, ethosu.o(.text._ZN6tflite12_GLOBAL__N_17PrepareEP13TfLiteContextP10TfLiteNode))
<BR><BR>[Stack]<UL><LI>Max Depth = 24<LI>Call Chain = tflite::(anonymous namespace)::Prepare(TfLiteContext*, TfLiteNode*)
</UL>
<BR>[Calls]<UL><LI><a href="#[29e]">&gt;&gt;</a>&nbsp;&nbsp;&nbsp;tflite::MicroContext::AllocateTempInputTensor(TfLiteNode const*, int)
</UL>
<BR>[Address Reference Count : 1]<UL><LI> ethosu.o(.text._ZN6tflite15Register_ETHOSUEv)
</UL>
<P><STRONG><a name="[b5]"></a>tflite::(anonymous namespace)::Eval(TfLiteContext*, TfLiteNode*)</STRONG> (Thumb, 412 bytes, Stack size 64 bytes, ethosu.o(.text._ZN6tflite12_GLOBAL__N_14EvalEP13TfLiteContextP10TfLiteNode))
<BR><BR>[Stack]<UL><LI>Max Depth = 504 + Unknown Stack Size
<LI>Call Chain = tflite::(anonymous namespace)::Eval(TfLiteContext*, TfLiteNode*) &rArr; MicroPrintf(char const*, ...) &rArr; (anonymous namespace)::VDebugLog(char const*, ...) &rArr; DebugLog &rArr; vsnprintf &rArr; _printf_char_common &rArr; __printf
</UL>
<BR>[Calls]<UL><LI><a href="#[23c]">&gt;&gt;</a>&nbsp;&nbsp;&nbsp;MicroPrintf(char const*, ...)
<LI><a href="#[2a3]">&gt;&gt;</a>&nbsp;&nbsp;&nbsp;ethosu_release_driver
<LI><a href="#[2a1]">&gt;&gt;</a>&nbsp;&nbsp;&nbsp;ethosu_reserve_driver
<LI><a href="#[2a2]">&gt;&gt;</a>&nbsp;&nbsp;&nbsp;ethosu_invoke_v3
<LI><a href="#[2a0]">&gt;&gt;</a>&nbsp;&nbsp;&nbsp;flexbuffers::Reference::AsInt64() const
</UL>
<BR>[Address Reference Count : 1]<UL><LI> ethosu.o(.text._ZN6tflite15Register_ETHOSUEv)
</UL>
<P><STRONG><a name="[af]"></a>tflite::(anonymous namespace)::MicroBuiltinDataAllocator::Allocate(unsigned int, unsigned int)</STRONG> (Thumb, 8 bytes, Stack size 0 bytes, micro_allocator.o(.text._ZN6tflite12_GLOBAL__N_125MicroBuiltinDataAllocator8AllocateEjj))
<BR>[Address Reference Count : 1]<UL><LI> micro_allocator.o(.text._ZN6tflite14MicroAllocator20StartModelAllocationEPKNS_5ModelE)
</UL>
<P><STRONG><a name="[b0]"></a>tflite::(anonymous namespace)::MicroBuiltinDataAllocator::Deallocate(void*)</STRONG> (Thumb, 2 bytes, Stack size 0 bytes, micro_allocator.o(.text._ZN6tflite12_GLOBAL__N_125MicroBuiltinDataAllocator10DeallocateEPv))
<BR>[Address Reference Count : 1]<UL><LI> micro_allocator.o(.text._ZN6tflite14MicroAllocator20StartModelAllocationEPKNS_5ModelE)
</UL>
<P><STRONG><a name="[b2]"></a>tflite::(anonymous namespace)::MicroBuiltinDataAllocator::~MicroBuiltinDataAllocator__deallocating()</STRONG> (Thumb, 2 bytes, Stack size 0 bytes, micro_allocator.o(.text._ZN6tflite12_GLOBAL__N_125MicroBuiltinDataAllocatorD0Ev))
<BR>[Address Reference Count : 1]<UL><LI> micro_allocator.o(.text._ZN6tflite14MicroAllocator20StartModelAllocationEPKNS_5ModelE)
</UL>
<P><STRONG><a name="[297]"></a>tflite::(anonymous namespace)::CreatePlan(tflite::MicroMemoryPlanner*, tflite::AllocationInfo const*, unsigned int)</STRONG> (Thumb, 90 bytes, Stack size 32 bytes, micro_allocator.o(.text._ZN6tflite12_GLOBAL__N_110CreatePlanEPNS_18MicroMemoryPlannerEPKNS_14AllocationInfoEj))
<BR><BR>[Stack]<UL><LI>Max Depth = 32<LI>Call Chain = tflite::(anonymous namespace)::CreatePlan(tflite::MicroMemoryPlanner*, tflite::AllocationInfo const*, unsigned int)
</UL>
<BR>[Calls]<UL><LI><a href="#[298]">&gt;&gt;</a>&nbsp;&nbsp;&nbsp;tflite::AlignSizeUp(unsigned int, unsigned int)
</UL>
<BR>[Called By]<UL><LI><a href="#[ce]">&gt;&gt;</a>&nbsp;&nbsp;&nbsp;tflite::MicroAllocator::CommitStaticMemoryPlan(tflite::Model const*, tflite::SubgraphAllocations*, tflite::ScratchBufferHandle*)
</UL>

<P><STRONG><a name="[2ac]"></a>tflite::(anonymous namespace)::CommitPlan(tflite::MicroMemoryPlanner*, unsigned char*, tflite::AllocationInfo const*, unsigned int)</STRONG> (Thumb, 88 bytes, Stack size 40 bytes, micro_allocator.o(.text._ZN6tflite12_GLOBAL__N_110CommitPlanEPNS_18MicroMemoryPlannerEPhPKNS_14AllocationInfoEj))
<BR><BR>[Stack]<UL><LI>Max Depth = 40<LI>Call Chain = tflite::(anonymous namespace)::CommitPlan(tflite::MicroMemoryPlanner*, unsigned char*, tflite::AllocationInfo const*, unsigned int)
</UL>
<BR>[Called By]<UL><LI><a href="#[ce]">&gt;&gt;</a>&nbsp;&nbsp;&nbsp;tflite::MicroAllocator::CommitStaticMemoryPlan(tflite::Model const*, tflite::SubgraphAllocations*, tflite::ScratchBufferHandle*)
</UL>

<P><STRONG><a name="[295]"></a>(anonymous namespace)::VDebugLog(char const*, ...)</STRONG> (Thumb, 32 bytes, Stack size 24 bytes, micro_log.o(.text._ZN12_GLOBAL__N_19VDebugLogEPKcz))
<BR><BR>[Stack]<UL><LI>Max Depth = 416 + Unknown Stack Size
<LI>Call Chain = (anonymous namespace)::VDebugLog(char const*, ...) &rArr; DebugLog &rArr; vsnprintf &rArr; _printf_char_common &rArr; __printf
</UL>
<BR>[Calls]<UL><LI><a href="#[290]">&gt;&gt;</a>&nbsp;&nbsp;&nbsp;DebugLog
</UL>
<BR>[Called By]<UL><LI><a href="#[23c]">&gt;&gt;</a>&nbsp;&nbsp;&nbsp;MicroPrintf(char const*, ...)
<LI><a href="#[296]">&gt;&gt;</a>&nbsp;&nbsp;&nbsp;VMicroPrintf(char const*, std::__va_list)
</UL>

<P><STRONG><a name="[bd]"></a>tflite::(anonymous namespace)::TransposePrepare(TfLiteContext*, TfLiteNode*)</STRONG> (Thumb, 552 bytes, Stack size 56 bytes, transpose.o(.text._ZN6tflite12_GLOBAL__N_116TransposePrepareEP13TfLiteContextP10TfLiteNode))
<BR><BR>[Stack]<UL><LI>Max Depth = 56<LI>Call Chain = tflite::(anonymous namespace)::TransposePrepare(TfLiteContext*, TfLiteNode*)
</UL>
<BR>[Calls]<UL><LI><a href="#[29f]">&gt;&gt;</a>&nbsp;&nbsp;&nbsp;tflite::MicroContext::AllocateTempOutputTensor(TfLiteNode const*, int)
<LI><a href="#[29e]">&gt;&gt;</a>&nbsp;&nbsp;&nbsp;tflite::MicroContext::AllocateTempInputTensor(TfLiteNode const*, int)
<LI><a href="#[22e]">&gt;&gt;</a>&nbsp;&nbsp;&nbsp;TfLiteTypeGetName
</UL>
<BR>[Address Reference Count : 1]<UL><LI> transpose.o(.text._ZN6tflite18Register_TRANSPOSEEv)
</UL>
<P><STRONG><a name="[be]"></a>tflite::(anonymous namespace)::TransposeEval(TfLiteContext*, TfLiteNode*)</STRONG> (Thumb, 960 bytes, Stack size 200 bytes, transpose.o(.text._ZN6tflite12_GLOBAL__N_113TransposeEvalEP13TfLiteContextP10TfLiteNode))
<BR><BR>[Stack]<UL><LI>Max Depth = 640 + Unknown Stack Size
<LI>Call Chain = tflite::(anonymous namespace)::TransposeEval(TfLiteContext*, TfLiteNode*) &rArr; MicroPrintf(char const*, ...) &rArr; (anonymous namespace)::VDebugLog(char const*, ...) &rArr; DebugLog &rArr; vsnprintf &rArr; _printf_char_common &rArr; __printf
</UL>
<BR>[Calls]<UL><LI><a href="#[23c]">&gt;&gt;</a>&nbsp;&nbsp;&nbsp;MicroPrintf(char const*, ...)
<LI><a href="#[29d]">&gt;&gt;</a>&nbsp;&nbsp;&nbsp;void tflite::reference_ops::transpose_internal::TransposeImpl&lang;int&rang;(int, int, int const*, int const*, int const*, int*, int const*, int const*)
<LI><a href="#[29c]">&gt;&gt;</a>&nbsp;&nbsp;&nbsp;void tflite::reference_ops::transpose_internal::TransposeImpl&lang;signed char&rang;(int, int, int const*, signed char const*, int const*, signed char*, int const*, int const*)
<LI><a href="#[29b]">&gt;&gt;</a>&nbsp;&nbsp;&nbsp;tflite::micro::GetTensorShape(TfLiteEvalTensor const*)
<LI><a href="#[29a]">&gt;&gt;</a>&nbsp;&nbsp;&nbsp;tflite::micro::GetEvalOutput(TfLiteContext const*, TfLiteNode const*, int)
<LI><a href="#[299]">&gt;&gt;</a>&nbsp;&nbsp;&nbsp;tflite::micro::GetEvalInput(TfLiteContext const*, TfLiteNode const*, int)
<LI><a href="#[22e]">&gt;&gt;</a>&nbsp;&nbsp;&nbsp;TfLiteTypeGetName
</UL>
<BR>[Address Reference Count : 1]<UL><LI> transpose.o(.text._ZN6tflite18Register_TRANSPOSEEv)
</UL>
<P><STRONG><a name="[258]"></a>prvAddCurrentTaskToDelayedList</STRONG> (Thumb, 158 bytes, Stack size 24 bytes, tasks.o(.text.prvAddCurrentTaskToDelayedList))
<BR><BR>[Stack]<UL><LI>Max Depth = 32<LI>Call Chain = prvAddCurrentTaskToDelayedList &rArr; vListInsert
</UL>
<BR>[Calls]<UL><LI><a href="#[25a]">&gt;&gt;</a>&nbsp;&nbsp;&nbsp;vListInsert
<LI><a href="#[259]">&gt;&gt;</a>&nbsp;&nbsp;&nbsp;uxListRemove
</UL>
<BR>[Called By]<UL><LI><a href="#[26f]">&gt;&gt;</a>&nbsp;&nbsp;&nbsp;vTaskPlaceOnEventListRestricted
<LI><a href="#[271]">&gt;&gt;</a>&nbsp;&nbsp;&nbsp;vTaskPlaceOnEventList
</UL>

<P><STRONG><a name="[9e]"></a>prvIdleTask</STRONG> (Thumb, 258 bytes, Stack size 0 bytes, tasks.o(.text.prvIdleTask))
<BR><BR>[Stack]<UL><LI>Max Depth = 96<LI>Call Chain = prvIdleTask &rArr; vPortFree &rArr; xTaskResumeAll &rArr; xTaskIncrementTick &rArr; vApplicationTickHook
</UL>
<BR>[Calls]<UL><LI><a href="#[1ef]">&gt;&gt;</a>&nbsp;&nbsp;&nbsp;ulSetInterruptMask
<LI><a href="#[260]">&gt;&gt;</a>&nbsp;&nbsp;&nbsp;xTaskResumeAll
<LI><a href="#[25e]">&gt;&gt;</a>&nbsp;&nbsp;&nbsp;vPortYield
<LI><a href="#[25f]">&gt;&gt;</a>&nbsp;&nbsp;&nbsp;vPortSuppressTicksAndSleep
<LI><a href="#[25d]">&gt;&gt;</a>&nbsp;&nbsp;&nbsp;vPortFree
<LI><a href="#[25c]">&gt;&gt;</a>&nbsp;&nbsp;&nbsp;vPortExitCritical
<LI><a href="#[25b]">&gt;&gt;</a>&nbsp;&nbsp;&nbsp;vPortEnterCritical
<LI><a href="#[259]">&gt;&gt;</a>&nbsp;&nbsp;&nbsp;uxListRemove
</UL>
<BR>[Address Reference Count : 1]<UL><LI> tasks.o(.text.vTaskStartScheduler)
</UL>
<P><STRONG><a name="[265]"></a>prvUnlockQueue</STRONG> (Thumb, 116 bytes, Stack size 24 bytes, queue.o(.text.prvUnlockQueue))
<BR><BR>[Stack]<UL><LI>Max Depth = 40<LI>Call Chain = prvUnlockQueue &rArr; xTaskRemoveFromEventList
</UL>
<BR>[Calls]<UL><LI><a href="#[266]">&gt;&gt;</a>&nbsp;&nbsp;&nbsp;xTaskRemoveFromEventList
<LI><a href="#[267]">&gt;&gt;</a>&nbsp;&nbsp;&nbsp;vTaskMissedYield
<LI><a href="#[25c]">&gt;&gt;</a>&nbsp;&nbsp;&nbsp;vPortExitCritical
<LI><a href="#[25b]">&gt;&gt;</a>&nbsp;&nbsp;&nbsp;vPortEnterCritical
</UL>
<BR>[Called By]<UL><LI><a href="#[24b]">&gt;&gt;</a>&nbsp;&nbsp;&nbsp;xQueueSemaphoreTake
<LI><a href="#[1fe]">&gt;&gt;</a>&nbsp;&nbsp;&nbsp;xQueueGenericSend
<LI><a href="#[1fb]">&gt;&gt;</a>&nbsp;&nbsp;&nbsp;xQueueReceive
<LI><a href="#[264]">&gt;&gt;</a>&nbsp;&nbsp;&nbsp;vQueueWaitForMessageRestricted
</UL>

<P><STRONG><a name="[9d]"></a>prvTaskExitError</STRONG> (Thumb, 54 bytes, Stack size 16 bytes, port.o(.text.prvTaskExitError))
<BR><BR>[Stack]<UL><LI>Max Depth = 16<LI>Call Chain = prvTaskExitError
</UL>
<BR>[Calls]<UL><LI><a href="#[1ef]">&gt;&gt;</a>&nbsp;&nbsp;&nbsp;ulSetInterruptMask
</UL>
<BR>[Address Reference Count : 1]<UL><LI> port.o(.text.pxPortInitialiseStack)
</UL>
<P><STRONG><a name="[261]"></a>prvSampleTimeNow</STRONG> (Thumb, 184 bytes, Stack size 40 bytes, timers.o(.text.prvSampleTimeNow))
<BR><BR>[Stack]<UL><LI>Max Depth = 48<LI>Call Chain = prvSampleTimeNow &rArr; vListInsert
</UL>
<BR>[Calls]<UL><LI><a href="#[262]">&gt;&gt;</a>&nbsp;&nbsp;&nbsp;xTaskGetTickCount
<LI><a href="#[25a]">&gt;&gt;</a>&nbsp;&nbsp;&nbsp;vListInsert
<LI><a href="#[259]">&gt;&gt;</a>&nbsp;&nbsp;&nbsp;uxListRemove
</UL>
<BR>[Called By]<UL><LI><a href="#[9f]">&gt;&gt;</a>&nbsp;&nbsp;&nbsp;prvTimerTask
</UL>

<P><STRONG><a name="[9f]"></a>prvTimerTask</STRONG> (Thumb, 566 bytes, Stack size 24 bytes, timers.o(.text.prvTimerTask))
<BR><BR>[Stack]<UL><LI>Max Depth = 160<LI>Call Chain = prvTimerTask &rArr; xQueueReceive &rArr; xTaskResumeAll &rArr; xTaskIncrementTick &rArr; vApplicationTickHook
</UL>
<BR>[Calls]<UL><LI><a href="#[1ef]">&gt;&gt;</a>&nbsp;&nbsp;&nbsp;ulSetInterruptMask
<LI><a href="#[1fb]">&gt;&gt;</a>&nbsp;&nbsp;&nbsp;xQueueReceive
<LI><a href="#[264]">&gt;&gt;</a>&nbsp;&nbsp;&nbsp;vQueueWaitForMessageRestricted
<LI><a href="#[260]">&gt;&gt;</a>&nbsp;&nbsp;&nbsp;xTaskResumeAll
<LI><a href="#[263]">&gt;&gt;</a>&nbsp;&nbsp;&nbsp;vTaskSuspendAll
<LI><a href="#[25e]">&gt;&gt;</a>&nbsp;&nbsp;&nbsp;vPortYield
<LI><a href="#[25d]">&gt;&gt;</a>&nbsp;&nbsp;&nbsp;vPortFree
<LI><a href="#[25a]">&gt;&gt;</a>&nbsp;&nbsp;&nbsp;vListInsert
<LI><a href="#[259]">&gt;&gt;</a>&nbsp;&nbsp;&nbsp;uxListRemove
<LI><a href="#[261]">&gt;&gt;</a>&nbsp;&nbsp;&nbsp;prvSampleTimeNow
</UL>
<BR>[Address Reference Count : 1]<UL><LI> timers.o(.text.xTimerCreateTimerTask)
</UL>
<P><STRONG><a name="[203]"></a>operator_new_impl(unsigned int)</STRONG> (Thumb, 38 bytes, Stack size 8 bytes, new.cpp.o(.text._ZL17operator_new_implj))
<BR><BR>[Stack]<UL><LI>Max Depth = 56<LI>Call Chain = operator_new_impl(unsigned int) &rArr; malloc &rArr; __Heap_Full &rArr; __Heap_ProvideMemory &rArr; free
</UL>
<BR>[Calls]<UL><LI><a href="#[156]">&gt;&gt;</a>&nbsp;&nbsp;&nbsp;malloc
<LI><a href="#[204]">&gt;&gt;</a>&nbsp;&nbsp;&nbsp;std::get_new_handler()
</UL>
<BR>[Called By]<UL><LI><a href="#[1f6]">&gt;&gt;</a>&nbsp;&nbsp;&nbsp;operator new(unsigned int)
</UL>

<P><STRONG><a name="[205]"></a>operator_new_aligned_impl(unsigned int, std::align_val_t)</STRONG> (Thumb, 74 bytes, Stack size 24 bytes, new.cpp.o(.text._ZL25operator_new_aligned_impljSt11align_val_t), UNUSED)
<BR><BR>[Calls]<UL><LI><a href="#[183]">&gt;&gt;</a>&nbsp;&nbsp;&nbsp;posix_memalign
<LI><a href="#[204]">&gt;&gt;</a>&nbsp;&nbsp;&nbsp;std::get_new_handler()
</UL>
<BR>[Called By]<UL><LI><a href="#[286]">&gt;&gt;</a>&nbsp;&nbsp;&nbsp;operator new(unsigned int, std::align_val_t)
</UL>

<P><STRONG><a name="[188]"></a>_fp_digits</STRONG> (Thumb, 432 bytes, Stack size 96 bytes, _printf_fp_dec.o(.text))
<BR><BR>[Stack]<UL><LI>Max Depth = 220<LI>Call Chain = _fp_digits &rArr; _btod_etento &rArr; _btod_emul &rArr; _e2e
</UL>
<BR>[Calls]<UL><LI><a href="#[167]">&gt;&gt;</a>&nbsp;&nbsp;&nbsp;_ll_udiv10
<LI><a href="#[18c]">&gt;&gt;</a>&nbsp;&nbsp;&nbsp;_btod_emul
<LI><a href="#[18b]">&gt;&gt;</a>&nbsp;&nbsp;&nbsp;_btod_ediv
<LI><a href="#[18a]">&gt;&gt;</a>&nbsp;&nbsp;&nbsp;_btod_d2e
<LI><a href="#[189]">&gt;&gt;</a>&nbsp;&nbsp;&nbsp;_btod_etento
</UL>
<BR>[Called By]<UL><LI><a href="#[18d]">&gt;&gt;</a>&nbsp;&nbsp;&nbsp;_printf_fp_dec_real
</UL>

<P><STRONG><a name="[94]"></a>_printf_input_char</STRONG> (Thumb, 10 bytes, Stack size 0 bytes, _printf_char_common.o(.text))
<BR>[Address Reference Count : 1]<UL><LI> _printf_char_common.o(.text)
</UL><P>
<H3>
Undefined Global Symbols
</H3><HR></body></html>
