<html>
<body>
<pre>
<h1>µVision Build Log</h1>
<h2>Tool Versions:</h2>
IDE-Version: £gVision V5.36.0.0
Copyright (C) 2021 ARM Ltd and ARM Germany GmbH. All rights reserved.
License Information: max Chen nuvoton Flex license: MDK Professional 5.36 (Flex) (mdk_pro) Operation stops: 31 Jul 2024
 
Tool Versions:
Toolchain:       MDK Professional 5.36 (Flex)  Version: 5.36.0.0
Toolchain Path:  C:\Keil_v5\ARM\ARMCLANG\Bin
C Compiler:      ArmClang.exe V6.16
Assembler:       Armasm.exe V6.16
Linker/Locator:  ArmLink.exe V6.16
Library Manager: ArmAr.exe V6.16
Hex Converter:   FromElf.exe V6.16
CPU DLL:         
Dialog DLL:      
Target DLL:      Nu_Link.dll V3.14
Dialog DLL:      TCM.DLL V1.53.0.0
 
<h2>Project:</h2>
C:\Users\M55M1BSP\SampleCode\MachineLearning\ObjectDetection_FreeRTOS\KEIL\ObjectDetection_FreeRTOS.uvprojx
Project File Date:  05/08/2024

<h2>Output:</h2>
*** Using Compiler 'V6.16', folder: 'C:\Keil_v5\ARM\ARMCLANG\Bin'
Build target 'ObjectDetection_FreeRTOS'
creating preprocessor file for sys.c...
creating preprocessor file for ccap.c...
creating preprocessor file for clk.c...
creating preprocessor file for startup_M55M1.c...
creating preprocessor file for retarget.c...
creating preprocessor file for uart.c...
creating preprocessor file for system_M55M1.c...
creating preprocessor file for gpio.c...
creating preprocessor file for ethosu_driver.c...
creating preprocessor file for ethosu_device_u55_u65.c...
creating preprocessor file for ethosu_pmu.c...
creating preprocessor file for spim_hyper.c...
creating preprocessor file for BoardInit.cpp...
creating preprocessor file for ebi.c...
creating preprocessor file for yolo-fastest_int8_vela_H256.tflite.cpp...
creating preprocessor file for InputFiles.cpp...
creating preprocessor file for Labels.cpp...
creating preprocessor file for dinner.cpp...
creating preprocessor file for InferenceTask.cpp...
creating preprocessor file for DetectorPostProcessing.cpp...
creating preprocessor file for dog.cpp...
creating preprocessor file for main.cpp...
creating preprocessor file for YoloFastestModel.cpp...
creating preprocessor file for PlatformMath.cc...
creating preprocessor file for TensorFlowLiteMicro.cc...
creating preprocessor file for Classifier.cc...
creating preprocessor file for Profiler.cc...
creating preprocessor file for ethosu_cpu_cache.c...
creating preprocessor file for ImageUtils.cc...
creating preprocessor file for ethosu_profiler.c...
creating preprocessor file for Model.cc...
creating preprocessor file for ethosu_npu_init.c...
creating preprocessor file for pmu_counter.c...
creating preprocessor file for ImageSensor.c...
creating preprocessor file for hyperram_code.c...
creating preprocessor file for Sensor_HM1055.c...
creating preprocessor file for SWI2C.c...
creating preprocessor file for Font8_16.c...
creating preprocessor file for Display.c...
creating preprocessor file for LCD_FSA506.c...
creating list file for main.cpp...
compiling main.cpp...
linking...
Program Size: Code=195854 RO-data=873366 RW-data=100 ZI-data=1846716  
After Build - User command #1: fromelf --bin ".\Objects\ObjectDetection_FreeRTOS.axf" --output ".\release\ObjectDetection_FreeRTOS.bin"
".\Objects\ObjectDetection_FreeRTOS.axf" - 0 Error(s), 0 Warning(s).

<h2>Software Packages used:</h2>

<h2>Collection of Component include folders:</h2>

<h2>Collection of Component Files used:</h2>
Build Time Elapsed:  00:00:27
</pre>
</body>
</html>
