<html>
<body>
<pre>
<h1>µVision Build Log</h1>
<h2>Tool Versions:</h2>
IDE-Version: µVision V5.38.0.0
Copyright (C) 2022 ARM Ltd and ARM Germany GmbH. All rights reserved.
License Information: chih yen Chen Nuvoton Flex license: MDK Professional 5.38 (Flex) (mdk_pro) Operation stops: 31 Jul 2024
 
Tool Versions:
Toolchain:       MDK Professional 5.38 (Flex)  Version: 5.38.0.0
Toolchain Path:  C:\Keil_v5\ARM\ARMCLANG\Bin
C Compiler:      ArmClang.exe V6.19
Assembler:       Armasm.exe V6.19
Linker/Locator:  ArmLink.exe V6.19
Library Manager: ArmAr.exe V6.19
Hex Converter:   FromElf.exe V6.19
CPU DLL:         
Dialog DLL:      
Target DLL:      Nu_Link.dll V3.16
Dialog DLL:      TCM.DLL V1.56.4.0
 
<h2>Project:</h2>
C:\CYCHEN38\OpenNuvoton\firmware\M55M1BSP\SampleCode\MachineLearning\ObjectDetection_FreeRTOS_yoloxn\KEIL\ObjectDetection_FreeRTOS_yoloxn.uvprojx
Project File Date:  06/18/2024

<h2>Output:</h2>
*** Using Compiler 'V6.19', folder: 'C:\Keil_v5\ARM\ARMCLANG\Bin'
Build target 'ObjectDetection_FreeRTOS_yoloxn'
creating preprocessor file for clk.c...
creating preprocessor file for uart.c...
creating preprocessor file for ccap.c...
creating preprocessor file for sys.c...
creating preprocessor file for system_M55M1.c...
creating preprocessor file for startup_M55M1.c...
creating preprocessor file for retarget.c...
creating preprocessor file for ethosu_driver.c...
creating preprocessor file for ethosu_pmu.c...
creating preprocessor file for ethosu_device_u55_u65.c...
creating preprocessor file for gpio.c...
creating preprocessor file for ebi.c...
creating preprocessor file for spim_hyper.c...
creating preprocessor file for BoardInit.cpp...
creating preprocessor file for DetectorPostProcessing.cpp...
creating preprocessor file for InferenceTask.cpp...
creating preprocessor file for main.cpp...
creating preprocessor file for Labels.cpp...
creating list file for Labels.cpp...
compiling Labels.cpp...
compiling DetectorPostProcessing.cpp...
compiling main.cpp...
creating list file for main.cpp...
creating list file for DetectorPostProcessing.cpp...
creating preprocessor file for InputFiles.cpp...
creating preprocessor file for yolox_nano_nu_hg_full_integer_quant_vela.tflite.cc...
creating preprocessor file for dinner.cpp...
creating preprocessor file for WIN_20240531_13_48_13_Pro_jpg.cc...
creating preprocessor file for YoloXnanoNu.cpp...
creating list file for WIN_20240531_13_48_13_Pro_jpg.cc...
compiling WIN_20240531_13_48_13_Pro_jpg.cc...
creating list file for YoloXnanoNu.cpp...
creating preprocessor file for Model.cc...
compiling YoloXnanoNu.cpp...
creating preprocessor file for TensorFlowLiteMicro.cc...
creating preprocessor file for PlatformMath.cc...
creating preprocessor file for Profiler.cc...
creating preprocessor file for ethosu_cpu_cache.c...
creating preprocessor file for Classifier.cc...
creating preprocessor file for ethosu_npu_init.c...
creating preprocessor file for ethosu_profiler.c...
creating preprocessor file for ImageUtils.cc...
creating preprocessor file for pmu_counter.c...
creating preprocessor file for hyperram_code.c...
creating preprocessor file for ImageSensor.c...
creating preprocessor file for Sensor_HM1055.c...
creating preprocessor file for Font8_16.c...
compiling yolox_nano_nu_hg_full_integer_quant_vela.tflite.cc...
creating preprocessor file for SWI2C.c...
creating preprocessor file for Display.c...
creating preprocessor file for LCD_FSA506.c...
creating list file for yolox_nano_nu_hg_full_integer_quant_vela.tflite.cc...
linking...
Program Size: Code=162430 RO-data=1340782 RW-data=2284 ZI-data=1437092  
After Build - User command #1: fromelf --bin ".\Objects\ObjectDetection_FreeRTOS_yoloxn.axf" --output ".\release\ObjectDetection_FreeRTOS_yoloxn.bin"
".\Objects\ObjectDetection_FreeRTOS_yoloxn.axf" - 0 Error(s), 0 Warning(s).

<h2>Software Packages used:</h2>

Package Vendor: Nuvoton
                https://github.com/OpenNuvoton/cmsis-packs/raw/master/Nuvoton_DFP/Nuvoton.NuMicro_DFP.1.3.24.pack
                Nuvoton.NuMicro_DFP.1.3.24
                Nuvoton ARM Cortex-M NuMicro Family Device Support

<h2>Collection of Component include folders:</h2>
  C:/Users/cychen38/AppData/Local/Arm/Packs/Nuvoton/NuMicro_DFP/1.3.24/Device/M55M1/Include

<h2>Collection of Component Files used:</h2>
Build Time Elapsed:  00:00:20
</pre>
</body>
</html>
