<html>
<body>
<pre>
<h1>µVision Build Log</h1>
<h2>Tool Versions:</h2>
IDE-Version: µVision V5.40.0.0
Copyright (C) 2024 ARM Ltd and ARM Germany GmbH. All rights reserved.
License Information: chen ch
nuvoton
User-based license: Keil MDK Community (non-commercial free of charge)
Valid until: Jun 1 2033. Cached until: Jul 12 2024
 
Tool Versions:
Toolchain:       Keil MDK Community (non-commercial free of charge  Version: 5.40.0.3
Toolchain Path:  C:\Keil_v5\ARM\ARMCLANG\Bin
C Compiler:      ArmClang.exe V6.22
Assembler:       Armasm.exe V6.22
Linker/Locator:  ArmLink.exe V6.22
Library Manager: ArmAr.exe V6.22
Hex Converter:   FromElf.exe V6.22
CPU DLL:         
Dialog DLL:      
Target DLL:      Nu_Link.dll V3.16
Dialog DLL:      TCM.DLL V1.56.4.0
 
<h2>Project:</h2>
D:\M55M1_NuEdgeWise\ML_M55M1_SampleCode\M55M1BSP-3.00.001\SampleCode\NuEdgeWise\ObjectDetection_FreeRTOS_yoloxn\KEIL\ObjectDetection_FreeRTOS_yoloxn.uvprojx
Project File Date:  07/05/2024

<h2>Output:</h2>
*** Using Compiler 'V6.22', folder: 'C:\Keil_v5\ARM\ARMCLANG\Bin'
Rebuild target 'ObjectDetection_FreeRTOS_yoloxn'
creating preprocessor file for startup_M55M1.c...
compiling sys.c...
compiling uart.c...
creating preprocessor file for sys.c...
creating list file for startup_M55M1.c...
creating preprocessor file for uart.c...
creating preprocessor file for ccap.c...
creating preprocessor file for clk.c...
creating preprocessor file for gpio.c...
creating preprocessor file for system_M55M1.c...
creating preprocessor file for retarget.c...
compiling startup_M55M1.c...
creating list file for uart.c...
compiling retarget.c...
creating list file for sys.c...
compiling clk.c...
creating list file for ccap.c...
compiling ccap.c...
creating list file for gpio.c...
compiling system_M55M1.c...
creating list file for system_M55M1.c...
compiling gpio.c...
creating list file for retarget.c...
creating list file for ethosu_device_u55_u65.c...
creating preprocessor file for ethosu_device_u55_u65.c...
creating preprocessor file for ethosu_driver.c...
creating preprocessor file for ethosu_pmu.c...
compiling ethosu_device_u55_u65.c...
creating list file for clk.c...
creating list file for ethosu_driver.c...
compiling ethosu_driver.c...
creating list file for ethosu_pmu.c...
compiling ethosu_pmu.c...
creating preprocessor file for spim_hyper.c...
creating preprocessor file for ebi.c...
creating list file for ebi.c...
creating preprocessor file for BoardInit.cpp...
compiling ebi.c...
creating list file for spim_hyper.c...
compiling spim_hyper.c...
creating list file for BoardInit.cpp...
compiling BoardInit.cpp...
creating list file for InputFiles.cpp...
creating preprocessor file for InputFiles.cpp...
compiling InputFiles.cpp...
creating preprocessor file for dinner.cpp...
creating preprocessor file for Labels.cpp...
creating preprocessor file for yolox_nano_nu_hg_full_integer_quant_vela.tflite.cc...
creating preprocessor file for DetectorPostProcessing.cpp...
creating preprocessor file for InferenceTask.cpp...
creating preprocessor file for WIN_20240531_13_48_13_Pro_jpg.cc...
creating preprocessor file for main.cpp...
creating preprocessor file for YoloXnanoNu.cpp...
creating list file for dinner.cpp...
creating list file for Labels.cpp...
compiling dinner.cpp...
compiling Labels.cpp...
creating preprocessor file for Model.cc...
creating preprocessor file for TensorFlowLiteMicro.cc...
creating list file for WIN_20240531_13_48_13_Pro_jpg.cc...
compiling WIN_20240531_13_48_13_Pro_jpg.cc...
creating preprocessor file for Classifier.cc...
creating preprocessor file for PlatformMath.cc...
creating preprocessor file for Profiler.cc...
creating preprocessor file for ImageUtils.cc...
creating list file for PlatformMath.cc...
creating list file for ethosu_cpu_cache.c...
compiling PlatformMath.cc...
creating preprocessor file for ethosu_cpu_cache.c...
creating list file for ImageUtils.cc...
compiling ethosu_cpu_cache.c...
creating list file for Profiler.cc...
creating list file for ethosu_npu_init.c...
compiling InferenceTask.cpp...
compiling ImageUtils.cc...
creating list file for InferenceTask.cpp...
compiling Profiler.cc...
creating preprocessor file for ethosu_npu_init.c...
creating list file for YoloXnanoNu.cpp...
creating preprocessor file for ethosu_profiler.c...
compiling YoloXnanoNu.cpp...
creating list file for ethosu_profiler.c...
compiling ethosu_profiler.c...
compiling ethosu_npu_init.c...
creating preprocessor file for pmu_counter.c...
creating list file for DetectorPostProcessing.cpp...
creating list file for yolox_nano_nu_hg_full_integer_quant_vela.tflite.cc...
compiling DetectorPostProcessing.cpp...
creating preprocessor file for hyperram_code.c...
creating list file for pmu_counter.c...
compiling pmu_counter.c...
creating list file for hyperram_code.c...
compiling yolox_nano_nu_hg_full_integer_quant_vela.tflite.cc...
creating preprocessor file for ImageSensor.c...
compiling hyperram_code.c...
creating preprocessor file for Sensor_HM1055.c...
creating list file for TensorFlowLiteMicro.cc...
creating list file for ImageSensor.c...
compiling ImageSensor.c...
creating list file for Sensor_HM1055.c...
creating preprocessor file for SWI2C.c...
compiling TensorFlowLiteMicro.cc...
compiling main.cpp...
creating list file for main.cpp...
compiling Sensor_HM1055.c...
creating preprocessor file for Display.c...
creating preprocessor file for Font8_16.c...
compiling Font8_16.c...
creating list file for Font8_16.c...
creating list file for Display.c...
creating list file for Model.cc...
creating preprocessor file for LCD_FSA506.c...
compiling Display.c...
compiling Model.cc...
creating list file for LCD_FSA506.c...
compiling LCD_FSA506.c...
compiling SWI2C.c...
creating list file for SWI2C.c...
creating list file for Classifier.cc...
compiling Classifier.cc...
linking...
Program Size: Code=91122 RO-data=1334130 RW-data=2252 ZI-data=1434180  
After Build - User command #1: fromelf --bin ".\Objects\ObjectDetection_FreeRTOS_yoloxn.axf" --output ".\release\ObjectDetection_FreeRTOS_yoloxn.bin"
".\Objects\ObjectDetection_FreeRTOS_yoloxn.axf" - 0 Error(s), 0 Warning(s).

<h2>Software Packages used:</h2>

Package Vendor: Nuvoton
                https://github.com/OpenNuvoton/cmsis-packs/raw/master/Nuvoton_DFP/Nuvoton.NuMicro_DFP.1.3.24.pack
                Nuvoton::NuMicro_DFP@1.3.24
                Nuvoton ARM Cortex-M NuMicro Family Device Support

<h2>Collection of Component include folders:</h2>
  C:/Users/CHChen59/AppData/Local/Arm/Packs/Nuvoton/NuMicro_DFP/1.3.24/Device/M55M1/Include

<h2>Collection of Component Files used:</h2>
Build Time Elapsed:  00:00:10
</pre>
</body>
</html>
